Archive member included to satisfy reference by file (symbol)

c:/nxp/mcuxpressoide_11.2.0_4120/ide/plugins/com.nxp.mcuxpresso.tools.win32_11.2.0.202001021529/tools/bin/../lib/gcc/arm-none-eabi/9.2.1/../../../../arm-none-eabi/lib/thumb/v6-m/nofp\libcr_semihost_nf.a(__ciob.o)
                              ./source/Accumulate_Line.o (__Ciob)
c:/nxp/mcuxpressoide_11.2.0_4120/ide/plugins/com.nxp.mcuxpresso.tools.win32_11.2.0.202001021529/tools/bin/../lib/gcc/arm-none-eabi/9.2.1/../../../../arm-none-eabi/lib/thumb/v6-m/nofp\libcr_semihost_nf.a(_cr__main.o)
                              ./startup/startup_mkl25z4.o (__main)
c:/nxp/mcuxpressoide_11.2.0_4120/ide/plugins/com.nxp.mcuxpresso.tools.win32_11.2.0.202001021529/tools/bin/../lib/gcc/arm-none-eabi/9.2.1/../../../../arm-none-eabi/lib/thumb/v6-m/nofp\libcr_semihost_nf.a(_cr_assert.o)
                              ./source/test_cbfifo.o (__assertion_failed)
c:/nxp/mcuxpressoide_11.2.0_4120/ide/plugins/com.nxp.mcuxpresso.tools.win32_11.2.0.202001021529/tools/bin/../lib/gcc/arm-none-eabi/9.2.1/../../../../arm-none-eabi/lib/thumb/v6-m/nofp\libcr_semihost_nf.a(__sys_appexit.o)
                              c:/nxp/mcuxpressoide_11.2.0_4120/ide/plugins/com.nxp.mcuxpresso.tools.win32_11.2.0.202001021529/tools/bin/../lib/gcc/arm-none-eabi/9.2.1/../../../../arm-none-eabi/lib/thumb/v6-m/nofp\libcr_semihost_nf.a(_cr_assert.o) (__sys_appexit)
c:/nxp/mcuxpressoide_11.2.0_4120/ide/plugins/com.nxp.mcuxpresso.tools.win32_11.2.0.202001021529/tools/bin/../lib/gcc/arm-none-eabi/9.2.1/../../../../arm-none-eabi/lib/thumb/v6-m/nofp\libcr_c.a(memcpy.o)
                              ./source/test_cbfifo.o (memcpy)
c:/nxp/mcuxpressoide_11.2.0_4120/ide/plugins/com.nxp.mcuxpresso.tools.win32_11.2.0.202001021529/tools/bin/../lib/gcc/arm-none-eabi/9.2.1/../../../../arm-none-eabi/lib/thumb/v6-m/nofp\libcr_c.a(memset.o)
                              ./source/process_command.o (memset)
c:/nxp/mcuxpressoide_11.2.0_4120/ide/plugins/com.nxp.mcuxpresso.tools.win32_11.2.0.202001021529/tools/bin/../lib/gcc/arm-none-eabi/9.2.1/../../../../arm-none-eabi/lib/thumb/v6-m/nofp\libcr_c.a(_deferredlazyseek.o)
                              ./source/Accumulate_Line.o (__flsbuf)
c:/nxp/mcuxpressoide_11.2.0_4120/ide/plugins/com.nxp.mcuxpresso.tools.win32_11.2.0.202001021529/tools/bin/../lib/gcc/arm-none-eabi/9.2.1/../../../../arm-none-eabi/lib/thumb/v6-m/nofp\libcr_c.a(_fflush.o)
                              c:/nxp/mcuxpressoide_11.2.0_4120/ide/plugins/com.nxp.mcuxpresso.tools.win32_11.2.0.202001021529/tools/bin/../lib/gcc/arm-none-eabi/9.2.1/../../../../arm-none-eabi/lib/thumb/v6-m/nofp\libcr_c.a(_deferredlazyseek.o) (_fflush)
c:/nxp/mcuxpressoide_11.2.0_4120/ide/plugins/com.nxp.mcuxpresso.tools.win32_11.2.0.202001021529/tools/bin/../lib/gcc/arm-none-eabi/9.2.1/../../../../arm-none-eabi/lib/thumb/v6-m/nofp\libcr_c.a(_writebuf.o)
                              c:/nxp/mcuxpressoide_11.2.0_4120/ide/plugins/com.nxp.mcuxpresso.tools.win32_11.2.0.202001021529/tools/bin/../lib/gcc/arm-none-eabi/9.2.1/../../../../arm-none-eabi/lib/thumb/v6-m/nofp\libcr_c.a(_deferredlazyseek.o) (_Cwritebuf)
c:/nxp/mcuxpressoide_11.2.0_4120/ide/plugins/com.nxp.mcuxpresso.tools.win32_11.2.0.202001021529/tools/bin/../lib/gcc/arm-none-eabi/9.2.1/../../../../arm-none-eabi/lib/thumb/v6-m/nofp\libcr_c.a(alloc.o)
                              c:/nxp/mcuxpressoide_11.2.0_4120/ide/plugins/com.nxp.mcuxpresso.tools.win32_11.2.0.202001021529/tools/bin/../lib/gcc/arm-none-eabi/9.2.1/../../../../arm-none-eabi/lib/thumb/v6-m/nofp\libcr_c.a(_deferredlazyseek.o) (_Csys_alloc)
c:/nxp/mcuxpressoide_11.2.0_4120/ide/plugins/com.nxp.mcuxpresso.tools.win32_11.2.0.202001021529/tools/bin/../lib/gcc/arm-none-eabi/9.2.1/../../../../arm-none-eabi/lib/thumb/v6-m/nofp\libcr_c.a(fpprintf.o)
                              ./source/Accumulate_Line.o (printf)
c:/nxp/mcuxpressoide_11.2.0_4120/ide/plugins/com.nxp.mcuxpresso.tools.win32_11.2.0.202001021529/tools/bin/../lib/gcc/arm-none-eabi/9.2.1/../../../../arm-none-eabi/lib/thumb/v6-m/nofp\libcr_c.a(fputs.o)
                              c:/nxp/mcuxpressoide_11.2.0_4120/ide/plugins/com.nxp.mcuxpresso.tools.win32_11.2.0.202001021529/tools/bin/../lib/gcc/arm-none-eabi/9.2.1/../../../../arm-none-eabi/lib/thumb/v6-m/nofp\libcr_semihost_nf.a(_cr_assert.o) (fputs)
c:/nxp/mcuxpressoide_11.2.0_4120/ide/plugins/com.nxp.mcuxpresso.tools.win32_11.2.0.202001021529/tools/bin/../lib/gcc/arm-none-eabi/9.2.1/../../../../arm-none-eabi/lib/thumb/v6-m/nofp\libcr_c.a(fseek.o)
                              c:/nxp/mcuxpressoide_11.2.0_4120/ide/plugins/com.nxp.mcuxpresso.tools.win32_11.2.0.202001021529/tools/bin/../lib/gcc/arm-none-eabi/9.2.1/../../../../arm-none-eabi/lib/thumb/v6-m/nofp\libcr_c.a(_deferredlazyseek.o) (fseek)
c:/nxp/mcuxpressoide_11.2.0_4120/ide/plugins/com.nxp.mcuxpresso.tools.win32_11.2.0.202001021529/tools/bin/../lib/gcc/arm-none-eabi/9.2.1/../../../../arm-none-eabi/lib/thumb/v6-m/nofp\libcr_c.a(ftell.o)
[...]
Memory Configuration

Name             Origin             Length             Attributes
PROGRAM_FLASH    0x00000000         0x00020000         xr
SRAM             0x1ffff000         0x00004000         xrw
*default*        0x00000000         0xffffffff

Linker script and memory map

LOAD ./utilities/fsl_debug_console.o
LOAD ./startup/startup_mkl25z4.o
LOAD ./source/Accumulate_Line.o
LOAD ./source/adc.o
LOAD ./source/cbfifo.o
LOAD ./source/hexdump.o
LOAD ./source/i2c.o
LOAD ./source/main.o
LOAD ./source/mq7.o
LOAD ./source/mtb.o
LOAD ./source/process_command.o
LOAD ./source/pwm.o
LOAD ./source/rgb_led.o
LOAD ./source/semihost_hardfault.o
LOAD ./source/sht21.o
LOAD ./source/sysclock.o
LOAD ./source/test_cbfifo.o
LOAD ./source/timer.o
LOAD ./source/uart.o
LOAD ./drivers/fsl_clock.o
LOAD ./drivers/fsl_common.o
LOAD ./drivers/fsl_flash.o
LOAD ./drivers/fsl_gpio.o
LOAD ./drivers/fsl_lpsci.o
LOAD ./drivers/fsl_smc.o
LOAD ./drivers/fsl_uart.o
LOAD ./board/board.o
LOAD ./board/clock_config.o
LOAD ./board/peripherals.o
LOAD ./board/pin_mux.o
LOAD ./CMSIS/system_MKL25Z4.o
START GROUP
LOAD c:/nxp/mcuxpressoide_11.2.0_4120/ide/plugins/com.nxp.mcuxpresso.tools.win32_11.2.0.202001021529/tools/bin/../lib/gcc/arm-none-eabi/9.2.1/../../../../arm-none-eabi/lib/thumb/v6-m/nofp\libcr_semihost_nf.a
LOAD c:/nxp/mcuxpressoide_11.2.0_4120/ide/plugins/com.nxp.mcuxpresso.tools.win32_11.2.0.202001021529/tools/bin/../lib/gcc/arm-none-eabi/9.2.1/../../../../arm-none-eabi/lib/thumb/v6-m/nofp\libcr_c.a
LOAD c:/nxp/mcuxpressoide_11.2.0_4120/ide/plugins/com.nxp.mcuxpresso.tools.win32_11.2.0.202001021529/tools/bin/../lib/gcc/arm-none-eabi/9.2.1/thumb/v6-m/nofp\libcr_eabihelpers.a
LOAD c:/nxp/mcuxpressoide_11.2.0_4120/ide/plugins/com.nxp.mcuxpresso.tools.win32_11.2.0.202001021529/tools/bin/../lib/gcc/arm-none-eabi/9.2.1/thumb/v6-m/nofp\libgcc.a
END GROUP
                0x00000000                __base_PROGRAM_FLASH = 0x0
                0x00000000                __base_Flash = 0x0
                0x00020000                __top_PROGRAM_FLASH = 0x20000
                0x00020000                __top_Flash = 0x20000
                0x1ffff000                __base_SRAM = 0x1ffff000
                0x1ffff000                __base_RAM = 0x1ffff000
                0x20003000                __top_SRAM = 0x20003000
                0x20003000                __top_RAM = 0x20003000

.text           0x00000000     0xa5c8
 FILL mask 0xff
                0x00000000                __vectors_start__ = ABSOLUTE (.)
 *(SORT_BY_ALIGNMENT(.isr_vector))
 .isr_vector    0x00000000       0xc0 ./startup/startup_mkl25z4.o
                0x00000000                g_pfnVectors
                0x00000000                __Vectors
                0x000000c0                . = ALIGN (0x4)
                0x000000c0                __section_table_start = .
                0x000000c0                __data_section_table = .
                0x000000c0        0x4 LONG 0xa5c8 LOADADDR (.data)
                0x000000c4        0x4 LONG 0x1ffff080 ADDR (.data)
                0x000000c8        0x4 LONG 0x10 SIZEOF (.data)
                0x000000cc                __data_section_table_end = .
                0x000000cc                __bss_section_table = .
                0x000000cc        0x4 LONG 0x1ffff090 ADDR (.bss)
                0x000000d0        0x4 LONG 0x314 SIZEOF (.bss)
                0x000000d4                __bss_section_table_end = .
                0x000000d4                __section_table_end = .
 *(SORT_BY_ALIGNMENT(.after_vectors*))
 .after_vectors.reset
                0x000000d4       0x4c ./startup/startup_mkl25z4.o
                0x000000d4                ResetISR
 .after_vectors.init_data
                0x00000120       0x12 ./startup/startup_mkl25z4.o
                0x00000120                data_init
 .after_vectors.init_bss
                0x00000132       0x10 ./startup/startup_mkl25z4.o
                0x00000132                bss_init
 .after_vectors
                0x00000142      0x10c ./startup/startup_mkl25z4.o
                0x00000142                NMI_Handler
                0x00000146                SVC_Handler
                0x00000148                PendSV_Handler
                0x0000014c                SPI1_DriverIRQHandler
                0x0000014c                LPTMR0_DriverIRQHandler
                0x0000014c                DMA0_DriverIRQHandler
                0x0000014c                I2C0_DriverIRQHandler
                0x0000014c                Reserved39_DriverIRQHandler
                0x0000014c                PORTD_DriverIRQHandler
                0x0000014c                DMA2_DriverIRQHandler
                0x0000014c                CMP0_DriverIRQHandler
                0x0000014c                TPM2_DriverIRQHandler
                0x0000014c                ADC0_DriverIRQHandler
                0x0000014c                SPI0_DriverIRQHandler
                0x0000014c                TSI0_DriverIRQHandler
                0x0000014c                RTC_Seconds_DriverIRQHandler
                0x0000014c                I2C1_DriverIRQHandler
                0x0000014c                LLWU_DriverIRQHandler
                0x0000014c                MCG_DriverIRQHandler
                0x0000014c                DMA1_DriverIRQHandler
                0x0000014c                PIT_DriverIRQHandler
                0x0000014c                RTC_DriverIRQHandler
                0x0000014c                FTFA_DriverIRQHandler
                0x0000014c                IntDefaultHandler
                0x0000014c                USB0_DriverIRQHandler
                0x0000014c                DAC0_DriverIRQHandler
                0x0000014c                TPM1_DriverIRQHandler
                0x0000014c                LVD_LVW_DriverIRQHandler
                0x0000014c                TPM0_DriverIRQHandler
                0x0000014c                PORTA_DriverIRQHandler
                0x0000014c                Reserved45_DriverIRQHandler
                0x0000014c                Reserved20_DriverIRQHandler
                0x0000014c                DMA3_DriverIRQHandler
                0x0000014e                DMA0_IRQHandler
                0x00000156                DMA1_IRQHandler
                0x0000015e                DMA2_IRQHandler
                0x00000166                DMA3_IRQHandler
                0x0000016e                Reserved20_IRQHandler
                0x00000176                FTFA_IRQHandler
                0x0000017e                LVD_LVW_IRQHandler
                0x00000186                LLWU_IRQHandler
                0x0000018e                I2C0_IRQHandler
                0x00000196                I2C1_IRQHandler
                0x0000019e                SPI0_IRQHandler
                0x000001a6                SPI1_IRQHandler
                0x000001b6                UART1_IRQHandler
                0x000001be                UART2_IRQHandler
                0x000001c6                ADC0_IRQHandler
                0x000001ce                CMP0_IRQHandler
                0x000001d6                TPM0_IRQHandler
                0x000001de                TPM1_IRQHandler
                0x000001e6                TPM2_IRQHandler
                0x000001ee                RTC_IRQHandler
                0x000001f6                RTC_Seconds_IRQHandler
                0x000001fe                PIT_IRQHandler
                0x00000206                Reserved39_IRQHandler
                0x0000020e                USB0_IRQHandler
                0x00000216                DAC0_IRQHandler
                0x0000021e                TSI0_IRQHandler
                0x00000226                MCG_IRQHandler
                0x0000022e                LPTMR0_IRQHandler
                0x00000236                Reserved45_IRQHandler
                0x0000023e                PORTA_IRQHandler
                0x00000246                PORTD_IRQHandler
                0x00000400                . = 0x400
 *fill*         0x0000024e      0x1b2 ff
                0x00000400                PROVIDE (__FLASH_CONFIG_START__ = .)
 *(SORT_BY_ALIGNMENT(.FlashConfig))
 .FlashConfig   0x00000400       0x10 ./startup/startup_mkl25z4.o
                0x00000400                Flash_Config
                0x00000410                PROVIDE (__FLASH_CONFIG_END__ = .)
                0x00000001                ASSERT (! ((__FLASH_CONFIG_START__ == __FLASH_CONFIG_END__)), Linker Flash Config Support Enabled, but no .FlashConfig section provided within application)
 *(SORT_BY_ALIGNMENT(.text*))
 .text.DbgConsole_Init
                0x00000410       0xf4 ./utilities/fsl_debug_console.o
                0x00000410                DbgConsole_Init
 .text.input_process_command
                0x00000504      0x130 ./source/Accumulate_Line.o
                0x00000504                input_process_command
 .text.init_ADC
                0x00000634       0x70 ./source/adc.o
                0x00000634                init_ADC
 .text.adc_cal  0x000006a4       0xf0 ./source/adc.o
 .text.adc_read
                0x00000794       0x50 ./source/adc.o
                0x00000794                adc_read
 .text.cbfifo_enqueue
                0x000007e4      0x1b8 ./source/cbfifo.o
                0x000007e4                cbfifo_enqueue
 .text.cbfifo_dequeue
                0x0000099c      0x1ac ./source/cbfifo.o
                0x0000099c                cbfifo_dequeue
 .text.cbfifo_length
                0x00000b48       0x30 ./source/cbfifo.o
                0x00000b48                cbfifo_length
 .text.hexdump  0x00000b78      0x458 ./source/hexdump.o
                0x00000b78                hexdump
 .text.init_I2C1
                0x00000fd0       0x38 ./source/i2c.o
                0x00000fd0                init_I2C1
 .text.I2C1_Set_Flags
                0x00001008       0x5c ./source/i2c.o
                0x00001008                I2C1_Set_Flags
 .text.I2C1_read
                0x00001064      0x1d0 ./source/i2c.o
                0x00001064                I2C1_read
 .text.main     0x00001234       0x8c ./source/main.o
                0x00001234                main
 .text.get_co   0x000012c0       0x70 ./source/mq7.o
                0x000012c0                get_co
 .text.handle_author
                0x00001330       0x2c ./source/process_command.o
                0x00001330                handle_author
 .text.handle_hum
                0x0000135c       0x40 ./source/process_command.o
                0x0000135c                handle_hum
 .text.handle_temp
                0x0000139c       0x40 ./source/process_command.o
                0x0000139c                handle_temp
 .text.handle_co
                0x000013dc       0x38 ./source/process_command.o
                0x000013dc                handle_co
 .text.handle_weather
                0x00001414      0x13c ./source/process_command.o
                0x00001414                handle_weather
 .text.handle_dump
                0x00001550      0x120 ./source/process_command.o
                0x00001550                handle_dump
 .text.handle_help
                0x00001670       0x44 ./source/process_command.o
                0x00001670                handle_help
 .text.process_command
                0x000016b4      0x168 ./source/process_command.o
                0x000016b4                process_command
 .text.Init_Blue_LED_PWM
                0x0000181c       0xbc ./source/pwm.o
                0x0000181c                Init_Blue_LED_PWM
 .text.Init_Green_LED_PWM
                0x000018d8       0xbc ./source/pwm.o
                0x000018d8                Init_Green_LED_PWM
 .text.Init_Red_LED_PWM
                0x00001994       0xbc ./source/pwm.o
                0x00001994                Init_Red_LED_PWM
 .text.Delay    0x00001a50       0x2c ./source/rgb_led.o
                0x00001a50                Delay
 .text.rgb_led  0x00001a7c       0x30 ./source/rgb_led.o
                0x00001a7c                rgb_led
 .text.HardFault_Handler
                0x00001aac       0x30 ./source/semihost_hardfault.o
                0x00001aac                HardFault_Handler
 .text.read_temperature
                0x00001adc       0x70 ./source/sht21.o
                0x00001adc                read_temperature
 .text.read_humidity
                0x00001b4c       0x68 ./source/sht21.o
                0x00001b4c                read_humidity
 .text.sysclock_init
                0x00001bb4       0x78 ./source/sysclock.o
                0x00001bb4                sysclock_init
 .text.test_cbfifo_transmiter
                0x00001c2c      0x78c ./source/test_cbfifo.o
 .text.test_cbfifo_receiver
                0x000023b8      0x78c ./source/test_cbfifo.o
 .text.NVIC_SetPriority
                0x00002b44       0xdc ./source/timer.o
 .text.init_systick
                0x00002c20       0x30 ./source/timer.o
                0x00002c20                init_systick
 .text.SysTick_Handler
                0x00002c50       0x18 ./source/timer.o
                0x00002c50                SysTick_Handler
 .text.now      0x00002c68       0x14 ./source/timer.o
                0x00002c68                now
 .text.reset_timer
                0x00002c7c       0x1c ./source/timer.o
                0x00002c7c                reset_timer
 .text.get_timer
                0x00002c98       0x1c ./source/timer.o
                0x00002c98                get_timer
 .text.NVIC_EnableIRQ
                0x00002cb4       0x2c ./source/uart.o
 .text.NVIC_ClearPendingIRQ
                0x00002ce0       0x30 ./source/uart.o
 .text.NVIC_SetPriority
                0x00002d10       0xdc ./source/uart.o
 .text.Init_UART0
                0x00002dec      0x160 ./source/uart.o
                0x00002dec                Init_UART0
 .text.UART0_IRQHandler
                0x00002f4c       0xb4 ./source/uart.o
                0x00002f4c                UART0_IRQHandler
 .text.__sys_write
                0x00003000       0x70 ./source/uart.o
                0x00003000                __sys_write
 .text.CLOCK_SetEr32kClock
                0x00003070       0x34 ./drivers/fsl_clock.o
 .text.CLOCK_SetPllFllSelClock
                0x000030a4       0x38 ./drivers/fsl_clock.o
 .text.CLOCK_GetMcgExtClkFreq
                0x000030dc       0x28 ./drivers/fsl_clock.o
 .text.CLOCK_GetFllExtRefClkFreq
                0x00003104       0xa8 ./drivers/fsl_clock.o
 .text.CLOCK_GetFllRefClkFreq
                0x000031ac       0x2c ./drivers/fsl_clock.o
 .text.CLOCK_GetOscRangeFromFreq
                0x000031d8       0x4c ./drivers/fsl_clock.o
 .text.CLOCK_GetPllFllSelClkFreq
                0x00003224       0x4c ./drivers/fsl_clock.o
                0x00003224                CLOCK_GetPllFllSelClkFreq
 .text.CLOCK_SetSimConfig
                0x00003270       0x38 ./drivers/fsl_clock.o
                0x00003270                CLOCK_SetSimConfig
 .text.CLOCK_GetFllFreq
                0x000032a8       0x84 ./drivers/fsl_clock.o
                0x000032a8                CLOCK_GetFllFreq
 .text.CLOCK_GetPll0Freq
                0x0000332c       0x70 ./drivers/fsl_clock.o
                0x0000332c                CLOCK_GetPll0Freq
 .text.CLOCK_SetInternalRefClkConfig
                0x0000339c      0x124 ./drivers/fsl_clock.o
                0x0000339c                CLOCK_SetInternalRefClkConfig
 .text.CLOCK_EnablePll0
                0x000034c0       0x94 ./drivers/fsl_clock.o
                0x000034c0                CLOCK_EnablePll0
 .text.CLOCK_InitOsc0
                0x00003554       0x94 ./drivers/fsl_clock.o
                0x00003554                CLOCK_InitOsc0
 .text.CLOCK_SetPbeMode
                0x000035e8       0xb0 ./drivers/fsl_clock.o
                0x000035e8                CLOCK_SetPbeMode
 .text.CLOCK_BootToPeeMode
                0x00003698       0x70 ./drivers/fsl_clock.o
                0x00003698                CLOCK_BootToPeeMode
 .text.CLOCK_EnableClock
                0x00003708       0x34 ./drivers/fsl_lpsci.o
 .text.LPSCI_GetInstance
                0x0000373c       0x48 ./drivers/fsl_lpsci.o
                0x0000373c                LPSCI_GetInstance
 .text.LPSCI_Init
                0x00003784      0x258 ./drivers/fsl_lpsci.o
                0x00003784                LPSCI_Init
 .text.LPSCI_GetDefaultConfig
                0x000039dc       0x44 ./drivers/fsl_lpsci.o
                0x000039dc                LPSCI_GetDefaultConfig
 .text.LPSCI_ClearStatusFlags
                0x00003a20       0x94 ./drivers/fsl_lpsci.o
                0x00003a20                LPSCI_ClearStatusFlags
 .text.LPSCI_WriteBlocking
                0x00003ab4       0x4c ./drivers/fsl_lpsci.o
                0x00003ab4                LPSCI_WriteBlocking
 .text.LPSCI_ReadBlocking
                0x00003b00       0xc0 ./drivers/fsl_lpsci.o
                0x00003b00                LPSCI_ReadBlocking
 .text.UART0_DriverIRQHandler
                0x00003bc0       0x24 ./drivers/fsl_lpsci.o
                0x00003bc0                UART0_DriverIRQHandler
 .text.CLOCK_EnableClock
                0x00003be4       0x34 ./drivers/fsl_uart.o
 .text.UART_GetInstance
                0x00003c18       0x54 ./drivers/fsl_uart.o
                0x00003c18                UART_GetInstance
 .text.UART_Init
                0x00003c6c      0x1e0 ./drivers/fsl_uart.o
                0x00003c6c                UART_Init
 .text.UART_GetDefaultConfig
                0x00003e4c       0x44 ./drivers/fsl_uart.o
                0x00003e4c                UART_GetDefaultConfig
 .text.UART_ReadBlocking
                0x00003e90       0x98 ./drivers/fsl_uart.o
                0x00003e90                UART_ReadBlocking
 .text.UART1_DriverIRQHandler
                0x00003f28       0x24 ./drivers/fsl_uart.o
                0x00003f28                UART1_DriverIRQHandler
 .text.UART2_DriverIRQHandler
                0x00003f4c       0x24 ./drivers/fsl_uart.o
                0x00003f4c                UART2_DriverIRQHandler
 .text.CLOCK_SetLpsci0Clock
                0x00003f70       0x38 ./board/board.o
 .text.BOARD_InitDebugConsole
                0x00003fa8       0x30 ./board/board.o
                0x00003fa8                BOARD_InitDebugConsole
 .text.CLOCK_SetSimSafeDivs
                0x00003fd8       0x20 ./board/clock_config.o
 .text.CLOCK_SetXtal0Freq
                0x00003ff8       0x1c ./board/clock_config.o
 .text.CLOCK_CONFIG_SetFllExtRefDiv
                0x00004014       0x3c ./board/clock_config.o
 .text.BOARD_BootClockRUN
                0x00004050       0x64 ./board/clock_config.o
                0x00004050                BOARD_BootClockRUN
 .text.CLOCK_EnableClock
                0x000040b4       0x34 ./board/pin_mux.o
 .text.PORT_SetPinMux
                0x000040e8       0x40 ./board/pin_mux.o
 .text.BOARD_InitPins
                0x00004128       0x4c ./board/pin_mux.o
                0x00004128                BOARD_InitPins
 .text.SystemInit
                0x00004174       0x18 ./CMSIS/system_MKL25Z4.o
                0x00004174                SystemInit
 .text.__assertion_failed
                0x0000418c       0x4c c:/nxp/mcuxpressoide_11.2.0_4120/ide/plugins/com.nxp.mcuxpresso.tools.win32_11.2.0.202001021529/tools/bin/../lib/gcc/arm-none-eabi/9.2.1/../../../../arm-none-eabi/lib/thumb/v6-m/nofp\libcr_semihost_nf.a(_cr_assert.o)
                0x0000418c                __assertion_failed
 .text.__sys_appexit
                0x000041d8        0xc c:/nxp/mcuxpressoide_11.2.0_4120/ide/plugins/com.nxp.mcuxpresso.tools.win32_11.2.0.202001021529/tools/bin/../lib/gcc/arm-none-eabi/9.2.1/../../../../arm-none-eabi/lib/thumb/v6-m/nofp\libcr_semihost_nf.a(__sys_appexit.o)
                0x000041d8                __sys_appexit
                0x000041d8                __exit
 .text._deferredlazyseek
                0x000041e4       0x40 c:/nxp/mcuxpressoide_11.2.0_4120/ide/plugins/com.nxp.mcuxpresso.tools.win32_11.2.0.202001021529/tools/bin/../lib/gcc/arm-none-eabi/9.2.1/../../../../arm-none-eabi/lib/thumb/v6-m/nofp\libcr_c.a(_deferredlazyseek.o)
                0x000041e4                _deferredlazyseek
 .text.__flsbuf
                0x00004224      0x150 c:/nxp/mcuxpressoide_11.2.0_4120/ide/plugins/com.nxp.mcuxpresso.tools.win32_11.2.0.202001021529/tools/bin/../lib/gcc/arm-none-eabi/9.2.1/../../../../arm-none-eabi/lib/thumb/v6-m/nofp\libcr_c.a(_deferredlazyseek.o)
                0x00004224                __flsbuf
 .text._fflush  0x00004374       0x60 c:/nxp/mcuxpressoide_11.2.0_4120/ide/plugins/com.nxp.mcuxpresso.tools.win32_11.2.0.202001021529/tools/bin/../lib/gcc/arm-none-eabi/9.2.1/../../../../arm-none-eabi/lib/thumb/v6-m/nofp\libcr_c.a(_fflush.o)
                0x00004374                _fflush
 .text._Cwritebuf
                0x000043d4       0x68 c:/nxp/mcuxpressoide_11.2.0_4120/ide/plugins/com.nxp.mcuxpresso.tools.win32_11.2.0.202001021529/tools/bin/../lib/gcc/arm-none-eabi/9.2.1/../../../../arm-none-eabi/lib/thumb/v6-m/nofp\libcr_c.a(_writebuf.o)
                0x000043d4                _Cwritebuf
 .text.malloc   0x0000443c       0xd0 c:/nxp/mcuxpressoide_11.2.0_4120/ide/plugins/com.nxp.mcuxpresso.tools.win32_11.2.0.202001021529/tools/bin/../lib/gcc/arm-none-eabi/9.2.1/../../../../arm-none-eabi/lib/thumb/v6-m/nofp\libcr_c.a(alloc.o)
                0x0000443c                malloc
 .text._Csys_alloc
                0x0000450c       0x20 c:/nxp/mcuxpressoide_11.2.0_4120/ide/plugins/com.nxp.mcuxpresso.tools.win32_11.2.0.202001021529/tools/bin/../lib/gcc/arm-none-eabi/9.2.1/../../../../arm-none-eabi/lib/thumb/v6-m/nofp\libcr_c.a(alloc.o)
                0x0000450c                _Csys_alloc
 .text.sprintf  0x0000452c       0x6c c:/nxp/mcuxpressoide_11.2.0_4120/ide/plugins/com.nxp.mcuxpresso.tools.win32_11.2.0.202001021529/tools/bin/../lib/gcc/arm-none-eabi/9.2.1/../../../../arm-none-eabi/lib/thumb/v6-m/nofp\libcr_c.a(fpprintf.o)
                0x0000452c                sprintf
 .text.fp_display
                0x00004598      0x97c c:/nxp/mcuxpressoide_11.2.0_4120/ide/plugins/com.nxp.mcuxpresso.tools.win32_11.2.0.202001021529/tools/bin/../lib/gcc/arm-none-eabi/9.2.1/../../../../arm-none-eabi/lib/thumb/v6-m/nofp\libcr_c.a(fpprintf.o)
 .text.vsnprintf
                0x00004f14       0x70 c:/nxp/mcuxpressoide_11.2.0_4120/ide/plugins/com.nxp.mcuxpresso.tools.win32_11.2.0.202001021529/tools/bin/../lib/gcc/arm-none-eabi/9.2.1/../../../../arm-none-eabi/lib/thumb/v6-m/nofp\libcr_c.a(fpprintf.o)
                0x00004f14                vsnprintf
 .text.printf   0x00004f84       0x50 c:/nxp/mcuxpressoide_11.2.0_4120/ide/plugins/com.nxp.mcuxpresso.tools.win32_11.2.0.202001021529/tools/bin/../lib/gcc/arm-none-eabi/9.2.1/../../../../arm-none-eabi/lib/thumb/v6-m/nofp\libcr_c.a(fpprintf.o)
                0x00004f84                printf
 .text.fseek    0x00004fd4       0xf4 c:/nxp/mcuxpressoide_11.2.0_4120/ide/plugins/com.nxp.mcuxpresso.tools.win32_11.2.0.202001021529/tools/bin/../lib/gcc/arm-none-eabi/9.2.1/../../../../arm-none-eabi/lib/thumb/v6-m/nofp\libcr_c.a(fseek.o)
                0x00004fd4                fseek
 .text.ftell    0x000050c8       0x48 c:/nxp/mcuxpressoide_11.2.0_4120/ide/plugins/com.nxp.mcuxpresso.tools.win32_11.2.0.202001021529/tools/bin/../lib/gcc/arm-none-eabi/9.2.1/../../../../arm-none-eabi/lib/thumb/v6-m/nofp\libcr_c.a(ftell.o)
                0x000050c8                ftell
 .text._initio  0x00005110       0x7c c:/nxp/mcuxpressoide_11.2.0_4120/ide/plugins/com.nxp.mcuxpresso.tools.win32_11.2.0.202001021529/tools/bin/../lib/gcc/arm-none-eabi/9.2.1/../../../../arm-none-eabi/lib/thumb/v6-m/nofp\libcr_c.a(initio.o)
                0x00005110                _initio
 .text.__vfprintf
                0x0000518c      0xd40 c:/nxp/mcuxpressoide_11.2.0_4120/ide/plugins/com.nxp.mcuxpresso.tools.win32_11.2.0.202001021529/tools/bin/../lib/gcc/arm-none-eabi/9.2.1/../../../../arm-none-eabi/lib/thumb/v6-m/nofp\libcr_c.a(printf.o)
                0x0000518c                __vfprintf
 .text.ch_val   0x00005ecc       0x30 c:/nxp/mcuxpressoide_11.2.0_4120/ide/plugins/com.nxp.mcuxpresso.tools.win32_11.2.0.202001021529/tools/bin/../lib/gcc/arm-none-eabi/9.2.1/../../../../arm-none-eabi/lib/thumb/v6-m/nofp\libcr_c.a(scanf.o)
 .text.cr_rd_int
                0x00005efc      0x1c0 c:/nxp/mcuxpressoide_11.2.0_4120/ide/plugins/com.nxp.mcuxpresso.tools.win32_11.2.0.202001021529/tools/bin/../lib/gcc/arm-none-eabi/9.2.1/../../../../arm-none-eabi/lib/thumb/v6-m/nofp\libcr_c.a(scanf.o)
 .text.vfscanf  0x000060bc      0x998 c:/nxp/mcuxpressoide_11.2.0_4120/ide/plugins/com.nxp.mcuxpresso.tools.win32_11.2.0.202001021529/tools/bin/../lib/gcc/arm-none-eabi/9.2.1/../../../../arm-none-eabi/lib/thumb/v6-m/nofp\libcr_c.a(scanf.o)
                0x000060bc                vfscanf
 .text.setvbuf  0x00006a54       0x4c c:/nxp/mcuxpressoide_11.2.0_4120/ide/plugins/com.nxp.mcuxpresso.tools.win32_11.2.0.202001021529/tools/bin/../lib/gcc/arm-none-eabi/9.2.1/../../../../arm-none-eabi/lib/thumb/v6-m/nofp\libcr_c.a(setvbuf.o)
                0x00006a54                setvbuf
 .text.strlen   0x00006aa0       0x58 c:/nxp/mcuxpressoide_11.2.0_4120/ide/plugins/com.nxp.mcuxpresso.tools.win32_11.2.0.202001021529/tools/bin/../lib/gcc/arm-none-eabi/9.2.1/../../../../arm-none-eabi/lib/thumb/v6-m/nofp\libcr_c.a(strlen.o)
                0x00006aa0                strlen
 .text.strncmp  0x00006af8       0x50 c:/nxp/mcuxpressoide_11.2.0_4120/ide/plugins/com.nxp.mcuxpresso.tools.win32_11.2.0.202001021529/tools/bin/../lib/gcc/arm-none-eabi/9.2.1/../../../../arm-none-eabi/lib/thumb/v6-m/nofp\libcr_c.a(strncmp.o)
                0x00006af8                strncmp
 .text.ungetc   0x00006b48       0x3c c:/nxp/mcuxpressoide_11.2.0_4120/ide/plugins/com.nxp.mcuxpresso.tools.win32_11.2.0.202001021529/tools/bin/../lib/gcc/arm-none-eabi/9.2.1/../../../../arm-none-eabi/lib/thumb/v6-m/nofp\libcr_c.a(ungetc.o)
                0x00006b48                ungetc
 .text.__filbuf
                0x00006b84      0x188 c:/nxp/mcuxpressoide_11.2.0_4120/ide/plugins/com.nxp.mcuxpresso.tools.win32_11.2.0.202001021529/tools/bin/../lib/gcc/arm-none-eabi/9.2.1/../../../../arm-none-eabi/lib/thumb/v6-m/nofp\libcr_c.a(__fillbuf.o)
                0x00006b84                __filbuf
 .text._sbrk    0x00006d0c       0x44 c:/nxp/mcuxpressoide_11.2.0_4120/ide/plugins/com.nxp.mcuxpresso.tools.win32_11.2.0.202001021529/tools/bin/../lib/gcc/arm-none-eabi/9.2.1/../../../../arm-none-eabi/lib/thumb/v6-m/nofp\libcr_c.a(_cr_sbrk.o)
                0x00006d0c                _sbrk
 .text._fdopen  0x00006d50       0x74 c:/nxp/mcuxpressoide_11.2.0_4120/ide/plugins/com.nxp.mcuxpresso.tools.win32_11.2.0.202001021529/tools/bin/../lib/gcc/arm-none-eabi/9.2.1/../../../../arm-none-eabi/lib/thumb/v6-m/nofp\libcr_c.a(_fdopen.o)
                0x00006d50                _fdopen
 .text._frexpl  0x00006dc4       0x80 c:/nxp/mcuxpressoide_11.2.0_4120/ide/plugins/com.nxp.mcuxpresso.tools.win32_11.2.0.202001021529/tools/bin/../lib/gcc/arm-none-eabi/9.2.1/../../../../arm-none-eabi/lib/thumb/v6-m/nofp\libcr_c.a(_frexpl.o)
                0x00006dc4                _frexpl
 .text._ldexpl  0x00006e44       0x58 c:/nxp/mcuxpressoide_11.2.0_4120/ide/plugins/com.nxp.mcuxpresso.tools.win32_11.2.0.202001021529/tools/bin/../lib/gcc/arm-none-eabi/9.2.1/../../../../arm-none-eabi/lib/thumb/v6-m/nofp\libcr_c.a(_ldexpl.o)
                0x00006e44                _ldexpl
 .text.tolower  0x00006e9c       0x14 c:/nxp/mcuxpressoide_11.2.0_4120/ide/plugins/com.nxp.mcuxpresso.tools.win32_11.2.0.202001021529/tools/bin/../lib/gcc/arm-none-eabi/9.2.1/../../../../arm-none-eabi/lib/thumb/v6-m/nofp\libcr_c.a(ctype.o)
                0x00006e9c                tolower
 .text.fclose   0x00006eb0       0x5c c:/nxp/mcuxpressoide_11.2.0_4120/ide/plugins/com.nxp.mcuxpresso.tools.win32_11.2.0.202001021529/tools/bin/../lib/gcc/arm-none-eabi/9.2.1/../../../../arm-none-eabi/lib/thumb/v6-m/nofp\libcr_c.a(fclose.o)
                0x00006eb0                fclose
 .text.fflush   0x00006f0c       0x44 c:/nxp/mcuxpressoide_11.2.0_4120/ide/plugins/com.nxp.mcuxpresso.tools.win32_11.2.0.202001021529/tools/bin/../lib/gcc/arm-none-eabi/9.2.1/../../../../arm-none-eabi/lib/thumb/v6-m/nofp\libcr_c.a(fflush.o)
                0x00006f0c                fflush
 .text.__check_heap_overflow
                0x00006f50       0x14 c:/nxp/mcuxpressoide_11.2.0_4120/ide/plugins/com.nxp.mcuxpresso.tools.win32_11.2.0.202001021529/tools/bin/../lib/gcc/arm-none-eabi/9.2.1/../../../../arm-none-eabi/lib/thumb/v6-m/nofp\libcr_c.a(_cr_check_heap.o)
                0x00006f50                __check_heap_overflow
 .text._do_fflush
                0x00006f64       0x48 c:/nxp/mcuxpressoide_11.2.0_4120/ide/plugins/com.nxp.mcuxpresso.tools.win32_11.2.0.202001021529/tools/bin/../lib/gcc/arm-none-eabi/9.2.1/../../../../arm-none-eabi/lib/thumb/v6-m/nofp\libcr_c.a(_do_fflush.o)
                0x00006f64                _do_fflush
 .text.__aeabi_dmul
                0x00006fac      0x184 c:/nxp/mcuxpressoide_11.2.0_4120/ide/plugins/com.nxp.mcuxpresso.tools.win32_11.2.0.202001021529/tools/bin/../lib/gcc/arm-none-eabi/9.2.1/thumb/v6-m/nofp\libcr_eabihelpers.a(double.o)
                0x00006fac                __aeabi_dmul
 .text.__aeabi_ddiv
                0x00007130      0x150 c:/nxp/mcuxpressoide_11.2.0_4120/ide/plugins/com.nxp.mcuxpresso.tools.win32_11.2.0.202001021529/tools/bin/../lib/gcc/arm-none-eabi/9.2.1/thumb/v6-m/nofp\libcr_eabihelpers.a(double.o)
                0x00007130                __aeabi_ddiv
 .text.__aeabi_dsub
                0x00007280      0x1e4 c:/nxp/mcuxpressoide_11.2.0_4120/ide/plugins/com.nxp.mcuxpresso.tools.win32_11.2.0.202001021529/tools/bin/../lib/gcc/arm-none-eabi/9.2.1/thumb/v6-m/nofp\libcr_eabihelpers.a(double.o)
                0x00007280                __aeabi_dsub
 .text.__aeabi_dadd
                0x00007464      0x134 c:/nxp/mcuxpressoide_11.2.0_4120/ide/plugins/com.nxp.mcuxpresso.tools.win32_11.2.0.202001021529/tools/bin/../lib/gcc/arm-none-eabi/9.2.1/thumb/v6-m/nofp\libcr_eabihelpers.a(double.o)
                0x00007464                __aeabi_dadd
 .text.__aeabi_d2f
                0x00007598       0x60 c:/nxp/mcuxpressoide_11.2.0_4120/ide/plugins/com.nxp.mcuxpresso.tools.win32_11.2.0.202001021529/tools/bin/../lib/gcc/arm-none-eabi/9.2.1/thumb/v6-m/nofp\libcr_eabihelpers.a(double.o)
                0x00007598                __aeabi_d2f
 .text.__aeabi_d2iz
                0x000075f8       0x50 c:/nxp/mcuxpressoide_11.2.0_4120/ide/plugins/com.nxp.mcuxpresso.tools.win32_11.2.0.202001021529/tools/bin/../lib/gcc/arm-none-eabi/9.2.1/thumb/v6-m/nofp\libcr_eabihelpers.a(double.o)
                0x000075f8                __aeabi_d2iz
 .text.__aeabi_d2uiz
                0x00007648       0x38 c:/nxp/mcuxpressoide_11.2.0_4120/ide/plugins/com.nxp.mcuxpresso.tools.win32_11.2.0.202001021529/tools/bin/../lib/gcc/arm-none-eabi/9.2.1/thumb/v6-m/nofp\libcr_eabihelpers.a(double.o)
                0x00007648                __aeabi_d2uiz
 .text.__aeabi_dcmpeq
                0x00007680       0x30 c:/nxp/mcuxpressoide_11.2.0_4120/ide/plugins/com.nxp.mcuxpresso.tools.win32_11.2.0.202001021529/tools/bin/../lib/gcc/arm-none-eabi/9.2.1/thumb/v6-m/nofp\libcr_eabihelpers.a(double.o)
                0x00007680                __aeabi_dcmpeq
 .text.__aeabi_dcmplt
                0x000076b0       0x60 c:/nxp/mcuxpressoide_11.2.0_4120/ide/plugins/com.nxp.mcuxpresso.tools.win32_11.2.0.202001021529/tools/bin/../lib/gcc/arm-none-eabi/9.2.1/thumb/v6-m/nofp\libcr_eabihelpers.a(double.o)
                0x000076b0                __aeabi_dcmplt
 .text.__aeabi_dcmple
                0x00007710       0x60 c:/nxp/mcuxpressoide_11.2.0_4120/ide/plugins/com.nxp.mcuxpresso.tools.win32_11.2.0.202001021529/tools/bin/../lib/gcc/arm-none-eabi/9.2.1/thumb/v6-m/nofp\libcr_eabihelpers.a(double.o)
                0x00007710                __aeabi_dcmple
 .text.__aeabi_dcmpge
                0x00007770       0x64 c:/nxp/mcuxpressoide_11.2.0_4120/ide/plugins/com.nxp.mcuxpresso.tools.win32_11.2.0.202001021529/tools/bin/../lib/gcc/arm-none-eabi/9.2.1/thumb/v6-m/nofp\libcr_eabihelpers.a(double.o)
                0x00007770                __aeabi_dcmpge
 .text.__aeabi_f2d
                0x000077d4       0x40 c:/nxp/mcuxpressoide_11.2.0_4120/ide/plugins/com.nxp.mcuxpresso.tools.win32_11.2.0.202001021529/tools/bin/../lib/gcc/arm-none-eabi/9.2.1/thumb/v6-m/nofp\libcr_eabihelpers.a(float.o)
                0x000077d4                __aeabi_f2d
 .text.UART_EnableTx
                0x00007814       0x40 ./utilities/fsl_debug_console.o
 .text.UART_EnableRx
                0x00007854       0x40 ./utilities/fsl_debug_console.o
 .text.LPSCI_EnableTx
                0x00007894       0x40 ./utilities/fsl_debug_console.o
 .text.LPSCI_EnableRx
                0x000078d4       0x40 ./utilities/fsl_debug_console.o
 .text.cbfifo_capacity
                0x00007914       0x14 ./source/cbfifo.o
                0x00007914                cbfifo_capacity
 .text.int_to_hexchar
                0x00007928       0x3e ./source/hexdump.o
 .text.test_pwm
                0x00007966       0x7c ./source/rgb_led.o
                0x00007966                test_pwm
 .text.test_cbfifo
                0x000079e2       0x12 ./source/test_cbfifo.o
                0x000079e2                test_cbfifo
 .text.__sys_readc
                0x000079f4       0x34 ./source/uart.o
                0x000079f4                __sys_readc
 .text.OSC_SetExtRefClkConfig
                0x00007a28       0x3e ./drivers/fsl_clock.o
 .text.OSC_SetCapLoad
                0x00007a66       0x42 ./drivers/fsl_clock.o
 .text.CLOCK_GetPll0RefFreq
                0x00007aa8       0x10 ./drivers/fsl_clock.o
 .text.CLOCK_SetExternalRefClkConfig
                0x00007ab8       0x16 ./drivers/fsl_clock.o
                0x00007ab8                CLOCK_SetExternalRefClkConfig
 .text.LPSCI_GetStatusFlags
                0x00007ace       0x26 ./drivers/fsl_lpsci.o
                0x00007ace                LPSCI_GetStatusFlags
 .text.UART_GetStatusFlags
                0x00007af4       0x26 ./drivers/fsl_uart.o
                0x00007af4                UART_GetStatusFlags
 .text.UART_WriteBlocking
                0x00007b1a       0x3c ./drivers/fsl_uart.o
                0x00007b1a                UART_WriteBlocking
 .text.BOARD_InitBootClocks
                0x00007b56        0xe ./board/clock_config.o
                0x00007b56                BOARD_InitBootClocks
 .text.BOARD_InitBootPeripherals
                0x00007b64        0xa ./board/peripherals.o
                0x00007b64                BOARD_InitBootPeripherals
 .text.BOARD_InitBootPins
                0x00007b6e        0xe ./board/pin_mux.o
                0x00007b6e                BOARD_InitBootPins
 .text.__main   0x00007b7c        0xc c:/nxp/mcuxpressoide_11.2.0_4120/ide/plugins/com.nxp.mcuxpresso.tools.win32_11.2.0.202001021529/tools/bin/../lib/gcc/arm-none-eabi/9.2.1/../../../../arm-none-eabi/lib/thumb/v6-m/nofp\libcr_semihost_nf.a(_cr__main.o)
                0x00007b7c                __CR_SEMIHOST
                0x00007b7c                __main
 .text.memcpy   0x00007b88        0x8 c:/nxp/mcuxpressoide_11.2.0_4120/ide/plugins/com.nxp.mcuxpresso.tools.win32_11.2.0.202001021529/tools/bin/../lib/gcc/arm-none-eabi/9.2.1/../../../../arm-none-eabi/lib/thumb/v6-m/nofp\libcr_c.a(memcpy.o)
                0x00007b88                memcpy
 .text.memset   0x00007b90        0x8 c:/nxp/mcuxpressoide_11.2.0_4120/ide/plugins/com.nxp.mcuxpresso.tools.win32_11.2.0.202001021529/tools/bin/../lib/gcc/arm-none-eabi/9.2.1/../../../../arm-none-eabi/lib/thumb/v6-m/nofp\libcr_c.a(memset.o)
                0x00007b90                memset
 .text.free     0x00007b98       0x2c c:/nxp/mcuxpressoide_11.2.0_4120/ide/plugins/com.nxp.mcuxpresso.tools.win32_11.2.0.202001021529/tools/bin/../lib/gcc/arm-none-eabi/9.2.1/../../../../arm-none-eabi/lib/thumb/v6-m/nofp\libcr_c.a(alloc.o)
                0x00007b98                free
 .text.fp_round
                0x00007bc4       0x4a c:/nxp/mcuxpressoide_11.2.0_4120/ide/plugins/com.nxp.mcuxpresso.tools.win32_11.2.0.202001021529/tools/bin/../lib/gcc/arm-none-eabi/9.2.1/../../../../arm-none-eabi/lib/thumb/v6-m/nofp\libcr_c.a(fpprintf.o)
 .text.pr_dec.constprop.0
                0x00007c0e       0x30 c:/nxp/mcuxpressoide_11.2.0_4120/ide/plugins/com.nxp.mcuxpresso.tools.win32_11.2.0.202001021529/tools/bin/../lib/gcc/arm-none-eabi/9.2.1/../../../../arm-none-eabi/lib/thumb/v6-m/nofp\libcr_c.a(fpprintf.o)
 .text.fputs    0x00007c3e       0x2e c:/nxp/mcuxpressoide_11.2.0_4120/ide/plugins/com.nxp.mcuxpresso.tools.win32_11.2.0.202001021529/tools/bin/../lib/gcc/arm-none-eabi/9.2.1/../../../../arm-none-eabi/lib/thumb/v6-m/nofp\libcr_c.a(fputs.o)
                0x00007c3e                fputs
 .text.sscanf   0x00007c6c       0x3c c:/nxp/mcuxpressoide_11.2.0_4120/ide/plugins/com.nxp.mcuxpresso.tools.win32_11.2.0.202001021529/tools/bin/../lib/gcc/arm-none-eabi/9.2.1/../../../../arm-none-eabi/lib/thumb/v6-m/nofp\libcr_c.a(scanf.o)
                0x00007c6c                sscanf
 .text.strcasecmp
                0x00007ca8       0x32 c:/nxp/mcuxpressoide_11.2.0_4120/ide/plugins/com.nxp.mcuxpresso.tools.win32_11.2.0.202001021529/tools/bin/../lib/gcc/arm-none-eabi/9.2.1/../../../../arm-none-eabi/lib/thumb/v6-m/nofp\libcr_c.a(strcasecmp.o)
                0x00007ca8                strcasecmp
 .text.strstr   0x00007cda       0x24 c:/nxp/mcuxpressoide_11.2.0_4120/ide/plugins/com.nxp.mcuxpresso.tools.win32_11.2.0.202001021529/tools/bin/../lib/gcc/arm-none-eabi/9.2.1/../../../../arm-none-eabi/lib/thumb/v6-m/nofp\libcr_c.a(strstr.o)
                0x00007cda                strstr
 .text._Csys_read_
                0x00007cfe       0x24 c:/nxp/mcuxpressoide_11.2.0_4120/ide/plugins/com.nxp.mcuxpresso.tools.win32_11.2.0.202001021529/tools/bin/../lib/gcc/arm-none-eabi/9.2.1/../../../../arm-none-eabi/lib/thumb/v6-m/nofp\libcr_c.a(__fillbuf.o)
                0x00007cfe                _Csys_read_
 .text.remove   0x00007d22       0x12 c:/nxp/mcuxpressoide_11.2.0_4120/ide/plugins/com.nxp.mcuxpresso.tools.win32_11.2.0.202001021529/tools/bin/../lib/gcc/arm-none-eabi/9.2.1/../../../../arm-none-eabi/lib/thumb/v6-m/nofp\libcr_c.a(remove.o)
                0x00007d22                remove
 .text.__aeabi_division_idivmod
                0x00007d34       0x78 c:/nxp/mcuxpressoide_11.2.0_4120/ide/plugins/com.nxp.mcuxpresso.tools.win32_11.2.0.202001021529/tools/bin/../lib/gcc/arm-none-eabi/9.2.1/thumb/v6-m/nofp\libcr_eabihelpers.a(division_32.o)
                0x00007d34                __aeabi_idivmod
                0x00007d34                __aeabi_idiv
                0x00007d3a                __aeabi_uidivmod
                0x00007d3a                __aeabi_uidiv
 .text.__aeabi_division_idiv0
                0x00007dac        0x2 c:/nxp/mcuxpressoide_11.2.0_4120/ide/plugins/com.nxp.mcuxpresso.tools.win32_11.2.0.202001021529/tools/bin/../lib/gcc/arm-none-eabi/9.2.1/thumb/v6-m/nofp\libcr_eabihelpers.a(division_idiv0.o)
                0x00007dac                __aeabi_idiv0
 .text.__bhs_ui2d
                0x00007dae       0x5e c:/nxp/mcuxpressoide_11.2.0_4120/ide/plugins/com.nxp.mcuxpresso.tools.win32_11.2.0.202001021529/tools/bin/../lib/gcc/arm-none-eabi/9.2.1/thumb/v6-m/nofp\libcr_eabihelpers.a(double.o)
                0x00007dae                __bhs_ui2d
 .text.__aeabi_i2d
                0x00007e0c       0x18 c:/nxp/mcuxpressoide_11.2.0_4120/ide/plugins/com.nxp.mcuxpresso.tools.win32_11.2.0.202001021529/tools/bin/../lib/gcc/arm-none-eabi/9.2.1/thumb/v6-m/nofp\libcr_eabihelpers.a(double.o)
                0x00007e0c                __aeabi_i2d
 .text.__aeabi_ui2d
                0x00007e24        0xc c:/nxp/mcuxpressoide_11.2.0_4120/ide/plugins/com.nxp.mcuxpresso.tools.win32_11.2.0.202001021529/tools/bin/../lib/gcc/arm-none-eabi/9.2.1/thumb/v6-m/nofp\libcr_eabihelpers.a(double.o)
                0x00007e24                __aeabi_ui2d
 .text.__bhs_ui2f
                0x00007e30       0x62 c:/nxp/mcuxpressoide_11.2.0_4120/ide/plugins/com.nxp.mcuxpresso.tools.win32_11.2.0.202001021529/tools/bin/../lib/gcc/arm-none-eabi/9.2.1/thumb/v6-m/nofp\libcr_eabihelpers.a(float.o)
                0x00007e30                __bhs_ui2f
 .text.__aeabi_ui2f
                0x00007e92        0xc c:/nxp/mcuxpressoide_11.2.0_4120/ide/plugins/com.nxp.mcuxpresso.tools.win32_11.2.0.202001021529/tools/bin/../lib/gcc/arm-none-eabi/9.2.1/thumb/v6-m/nofp\libcr_eabihelpers.a(float.o)
                0x00007e92                __aeabi_ui2f
 .text.__aeabi_fcmplt
                0x00007e9e       0x44 c:/nxp/mcuxpressoide_11.2.0_4120/ide/plugins/com.nxp.mcuxpresso.tools.win32_11.2.0.202001021529/tools/bin/../lib/gcc/arm-none-eabi/9.2.1/thumb/v6-m/nofp\libcr_eabihelpers.a(float.o)
                0x00007e9e                __aeabi_fcmplt
 .text.__aeabi_fcmpge
                0x00007ee2       0x42 c:/nxp/mcuxpressoide_11.2.0_4120/ide/plugins/com.nxp.mcuxpresso.tools.win32_11.2.0.202001021529/tools/bin/../lib/gcc/arm-none-eabi/9.2.1/thumb/v6-m/nofp\libcr_eabihelpers.a(float.o)
                0x00007ee2                __aeabi_fcmpge
 .text.__aeabi_llong_lmul
                0x00007f24       0x2e c:/nxp/mcuxpressoide_11.2.0_4120/ide/plugins/com.nxp.mcuxpresso.tools.win32_11.2.0.202001021529/tools/bin/../lib/gcc/arm-none-eabi/9.2.1/thumb/v6-m/nofp\libcr_eabihelpers.a(llong.o)
                0x00007f24                __aeabi_lmul
 .text.__aeabi_memcpy
                0x00007f52       0x2c c:/nxp/mcuxpressoide_11.2.0_4120/ide/plugins/com.nxp.mcuxpresso.tools.win32_11.2.0.202001021529/tools/bin/../lib/gcc/arm-none-eabi/9.2.1/thumb/v6-m/nofp\libcr_eabihelpers.a(memcpy.o)
                0x00007f52                __aeabi_memcpy4
                0x00007f52                __aeabi_memcpy8
                0x00007f52                __aeabi_memcpy
 .text.__aeabi_memset_lowlevel
                0x00007f7e       0x2a c:/nxp/mcuxpressoide_11.2.0_4120/ide/plugins/com.nxp.mcuxpresso.tools.win32_11.2.0.202001021529/tools/bin/../lib/gcc/arm-none-eabi/9.2.1/thumb/v6-m/nofp\libcr_eabihelpers.a(memcpy.o)
                0x00007f7e                __aeabi_lowlevel_memset
 .text.__gnu_thumb1_case_shi
                0x00007fa8       0x10 c:/nxp/mcuxpressoide_11.2.0_4120/ide/plugins/com.nxp.mcuxpresso.tools.win32_11.2.0.202001021529/tools/bin/../lib/gcc/arm-none-eabi/9.2.1/thumb/v6-m/nofp\libcr_eabihelpers.a(thumb1_switch_helpers.o)
                0x00007fa8                __gnu_thumb1_case_shi
 .text.__sys_close
                0x00007fb8        0xc c:/nxp/mcuxpressoide_11.2.0_4120/ide/plugins/com.nxp.mcuxpresso.tools.win32_11.2.0.202001021529/tools/bin/../lib/gcc/arm-none-eabi/9.2.1/../../../../arm-none-eabi/lib/thumb/v6-m/nofp\libcr_semihost_nf.a(__sys_close.o)
                0x00007fb8                __sys_close
 .text.__sys_flen
                0x00007fc4        0xc c:/nxp/mcuxpressoide_11.2.0_4120/ide/plugins/com.nxp.mcuxpresso.tools.win32_11.2.0.202001021529/tools/bin/../lib/gcc/arm-none-eabi/9.2.1/../../../../arm-none-eabi/lib/thumb/v6-m/nofp\libcr_semihost_nf.a(__sys_flen.o)
                0x00007fc4                __sys_flen
 .text.__sys_istty
                0x00007fd0        0xc c:/nxp/mcuxpressoide_11.2.0_4120/ide/plugins/com.nxp.mcuxpresso.tools.win32_11.2.0.202001021529/tools/bin/../lib/gcc/arm-none-eabi/9.2.1/../../../../arm-none-eabi/lib/thumb/v6-m/nofp\libcr_semihost_nf.a(__sys_istty.o)
                0x00007fd0                __sys_istty
 .text.__sys_read
                0x00007fdc        0xc c:/nxp/mcuxpressoide_11.2.0_4120/ide/plugins/com.nxp.mcuxpresso.tools.win32_11.2.0.202001021529/tools/bin/../lib/gcc/arm-none-eabi/9.2.1/../../../../arm-none-eabi/lib/thumb/v6-m/nofp\libcr_semihost_nf.a(__sys_read.o)
                0x00007fdc                __sys_read
 .text.__sys_remove
                0x00007fe8        0xc c:/nxp/mcuxpressoide_11.2.0_4120/ide/plugins/com.nxp.mcuxpresso.tools.win32_11.2.0.202001021529/tools/bin/../lib/gcc/arm-none-eabi/9.2.1/../../../../arm-none-eabi/lib/thumb/v6-m/nofp\libcr_semihost_nf.a(__sys_remove.o)
                0x00007fe8                __sys_remove
 .text.__sys_seek
                0x00007ff4        0xc c:/nxp/mcuxpressoide_11.2.0_4120/ide/plugins/com.nxp.mcuxpresso.tools.win32_11.2.0.202001021529/tools/bin/../lib/gcc/arm-none-eabi/9.2.1/../../../../arm-none-eabi/lib/thumb/v6-m/nofp\libcr_semihost_nf.a(__sys_seek.o)
                0x00007ff4                __sys_seek
 .text.__sys_tmpnam
                0x00008000        0xc c:/nxp/mcuxpressoide_11.2.0_4120/ide/plugins/com.nxp.mcuxpresso.tools.win32_11.2.0.202001021529/tools/bin/../lib/gcc/arm-none-eabi/9.2.1/../../../../arm-none-eabi/lib/thumb/v6-m/nofp\libcr_semihost_nf.a(__sys_tmpnam.o)
                0x00008000                __sys_tmpnam
 *(SORT_BY_ALIGNMENT(.rodata) SORT_BY_ALIGNMENT(.rodata.*) SORT_BY_ALIGNMENT(.constdata) SORT_BY_ALIGNMENT(.constdata.*))
 .rodata.input_process_command.str1.4
                0x0000800c        0x3 ./source/Accumulate_Line.o
                                  0x7 (size before relaxing)
 *fill*         0x0000800f        0x1 ff
 .rodata.main.str1.4
                0x00008010       0x8b ./source/main.o
 *fill*         0x0000809b        0x1 ff
 .rodata.str1.4
                0x0000809c       0x95 ./source/process_command.o
                                 0x9d (size before relaxing)
 *fill*         0x00008131        0x3 ff
 .rodata.commands
                0x00008134       0x54 ./source/process_command.o
 .rodata.handle_author.str1.4
                0x00008188       0x19 ./source/process_command.o
                                 0x1f (size before relaxing)
 *fill*         0x000081a1        0x3 ff
 .rodata.handle_hum.str1.4
                0x000081a4       0x1d ./source/process_command.o
 *fill*         0x000081c1        0x3 ff
 .rodata.handle_temp.str1.4
                0x000081c4       0x20 ./source/process_command.o
 .rodata.handle_co.str1.4
                0x000081e4        0xf ./source/process_command.o
 *fill*         0x000081f3        0x1 ff
 .rodata.handle_weather.str1.4
                0x000081f4       0x7d ./source/process_command.o
                                 0x81 (size before relaxing)
 *fill*         0x00008271        0x3 ff
 .rodata.handle_dump.str1.4
                0x00008274       0x6b ./source/process_command.o
 *fill*         0x000082df        0x1 ff
 .rodata.handle_help.str1.4
                0x000082e0      0x111 ./source/process_command.o
 *fill*         0x000083f1        0x3 ff
 .rodata.process_command.str1.4
                0x000083f4       0x18 ./source/process_command.o
 .rodata.test_cbfifo_transmiter.str1.4
                0x0000840c      0xf72 ./source/test_cbfifo.o
 *fill*         0x0000937e        0x2 ff
 .rodata.test_cbfifo_receiver.str1.4
                0x00009380      0xde9 ./source/test_cbfifo.o
 *fill*         0x0000a169        0x3 ff
 .rodata.CLOCK_GetMcgExtClkFreq.str1.4
                0x0000a16c       0x1f ./drivers/fsl_clock.o
 *fill*         0x0000a18b        0x1 ff
 .rodata.CLOCK_GetPll0Freq.str1.4
                0x0000a18c       0x1e ./drivers/fsl_clock.o
 *fill*         0x0000a1aa        0x2 ff
 .rodata.CLOCK_EnablePll0.str1.4
                0x0000a1ac       0x1a ./drivers/fsl_clock.o
 *fill*         0x0000a1c6        0x2 ff
 .rodata.CLOCK_SetPbeMode.str1.4
                0x0000a1c8       0x1b ./drivers/fsl_clock.o
 *fill*         0x0000a1e3        0x1 ff
 .rodata.CLOCK_BootToPeeMode.str1.4
                0x0000a1e4       0x1b ./drivers/fsl_clock.o
 *fill*         0x0000a1ff        0x1 ff
 .rodata.fllFactorTable.5210
                0x0000a200       0x10 ./drivers/fsl_clock.o
 .rodata.LPSCI_GetInstance.str1.4
                0x0000a210       0x37 ./drivers/fsl_lpsci.o
 *fill*         0x0000a247        0x1 ff
 .rodata.LPSCI_Init.str1.4
                0x0000a248       0x44 ./drivers/fsl_lpsci.o
 .rodata.LPSCI_GetDefaultConfig.str1.4
                0x0000a28c       0x1a ./drivers/fsl_lpsci.o
 *fill*         0x0000a2a6        0x2 ff
 .rodata.LPSCI_WriteBlocking.str1.4
                0x0000a2a8       0x18 ./drivers/fsl_lpsci.o
 .rodata.LPSCI_ReadBlocking.str1.4
                0x0000a2c0       0x18 ./drivers/fsl_lpsci.o
 .rodata.s_uartBases
                0x0000a2d8        0xc ./drivers/fsl_uart.o
 .rodata.s_uartClock
                0x0000a2e4        0xc ./drivers/fsl_uart.o
 .rodata.UART_GetInstance.str1.4
                0x0000a2f0       0x2c ./drivers/fsl_uart.o
 .rodata.UART_Init.str1.4
                0x0000a31c       0x43 ./drivers/fsl_uart.o
 *fill*         0x0000a35f        0x1 ff
 .rodata.UART_GetDefaultConfig.str1.4
                0x0000a360       0x19 ./drivers/fsl_uart.o
 *fill*         0x0000a379        0x3 ff
 .rodata.UART_ReadBlocking.str1.4
                0x0000a37c       0x17 ./drivers/fsl_uart.o
 *fill*         0x0000a393        0x1 ff
 .rodata.mcgConfig_BOARD_BootClockRUN
                0x0000a394        0xa ./board/clock_config.o
                0x0000a394                mcgConfig_BOARD_BootClockRUN
 *fill*         0x0000a39e        0x2 ff
 .rodata.simConfig_BOARD_BootClockRUN
                0x0000a3a0        0x8 ./board/clock_config.o
                0x0000a3a0                simConfig_BOARD_BootClockRUN
 .rodata.oscConfig_BOARD_BootClockRUN
                0x0000a3a8        0x8 ./board/clock_config.o
                0x0000a3a8                oscConfig_BOARD_BootClockRUN
 .rodata.__num_Ciob_streams
                0x0000a3b0        0x4 c:/nxp/mcuxpressoide_11.2.0_4120/ide/plugins/com.nxp.mcuxpresso.tools.win32_11.2.0.202001021529/tools/bin/../lib/gcc/arm-none-eabi/9.2.1/../../../../arm-none-eabi/lib/thumb/v6-m/nofp\libcr_semihost_nf.a(__ciob.o)
                0x0000a3b0                __num_Ciob_streams
 .rodata.__assertion_failed.str1.1
                0x0000a3b4       0x15 c:/nxp/mcuxpressoide_11.2.0_4120/ide/plugins/com.nxp.mcuxpresso.tools.win32_11.2.0.202001021529/tools/bin/../lib/gcc/arm-none-eabi/9.2.1/../../../../arm-none-eabi/lib/thumb/v6-m/nofp\libcr_semihost_nf.a(_cr_assert.o)
 .rodata._Csys_alloc.str1.1
                0x0000a3c9       0x18 c:/nxp/mcuxpressoide_11.2.0_4120/ide/plugins/com.nxp.mcuxpresso.tools.win32_11.2.0.202001021529/tools/bin/../lib/gcc/arm-none-eabi/9.2.1/../../../../arm-none-eabi/lib/thumb/v6-m/nofp\libcr_c.a(alloc.o)
 .rodata.fp_display.str1.1
                0x0000a3e1       0x32 c:/nxp/mcuxpressoide_11.2.0_4120/ide/plugins/com.nxp.mcuxpresso.tools.win32_11.2.0.202001021529/tools/bin/../lib/gcc/arm-none-eabi/9.2.1/../../../../arm-none-eabi/lib/thumb/v6-m/nofp\libcr_c.a(fpprintf.o)
                                 0x35 (size before relaxing)
 .rodata._initio.str1.1
                0x0000a413        0x4 c:/nxp/mcuxpressoide_11.2.0_4120/ide/plugins/com.nxp.mcuxpresso.tools.win32_11.2.0.202001021529/tools/bin/../lib/gcc/arm-none-eabi/9.2.1/../../../../arm-none-eabi/lib/thumb/v6-m/nofp\libcr_c.a(initio.o)
 .rodata.__vfprintf.str1.1
                0x0000a417       0x31 c:/nxp/mcuxpressoide_11.2.0_4120/ide/plugins/com.nxp.mcuxpresso.tools.win32_11.2.0.202001021529/tools/bin/../lib/gcc/arm-none-eabi/9.2.1/../../../../arm-none-eabi/lib/thumb/v6-m/nofp\libcr_c.a(printf.o)
                                 0x38 (size before relaxing)
 .rodata.__ctype
                0x0000a448      0x180 c:/nxp/mcuxpressoide_11.2.0_4120/ide/plugins/com.nxp.mcuxpresso.tools.win32_11.2.0.202001021529/tools/bin/../lib/gcc/arm-none-eabi/9.2.1/../../../../arm-none-eabi/lib/thumb/v6-m/nofp\libcr_c.a(ctype.o)
                0x0000a448                __ctype
                0x0000a5c8                . = ALIGN (0x4)

.glue_7         0x0000a5c8        0x0
 .glue_7        0x0000a5c8        0x0 linker stubs

.glue_7t        0x0000a5c8        0x0
 .glue_7t       0x0000a5c8        0x0 linker stubs

.vfp11_veneer   0x0000a5c8        0x0
 .vfp11_veneer  0x0000a5c8        0x0 linker stubs

.v4_bx          0x0000a5c8        0x0
 .v4_bx         0x0000a5c8        0x0 linker stubs

.iplt           0x0000a5c8        0x0
 .iplt          0x0000a5c8        0x0 ./utilities/fsl_debug_console.o

.rel.dyn        0x0000a5c8        0x0
 .rel.iplt      0x0000a5c8        0x0 ./utilities/fsl_debug_console.o

.ARM.extab
 *(SORT_BY_ALIGNMENT(.ARM.extab*) SORT_BY_ALIGNMENT(.gnu.linkonce.armextab.*))

.ARM.exidx      0x0000a5c8        0x0
                0x0000a5c8                __exidx_start = .
 *(SORT_BY_ALIGNMENT(.ARM.exidx*) SORT_BY_ALIGNMENT(.gnu.linkonce.armexidx.*))
                0x0000a5c8                __exidx_end = .
                0x0000a5c8                _etext = .

.m_usb_data
 *(SORT_BY_ALIGNMENT(m_usb_bdt))

.mtb_buffer_default
                0x1ffff000       0x80
 *(SORT_BY_ALIGNMENT(.mtb*))
 .mtb.$RAM1     0x1ffff000       0x80 ./source/mtb.o
                0x1ffff000                __mtb_buffer__

.uninit_RESERVED
                0x1ffff080        0x0
                0x1ffff080                _start_uninit_RESERVED = .
 *(SORT_BY_ALIGNMENT(.bss.$RESERVED*))
                0x1ffff080                . = ALIGN (0x4)
                0x1ffff080                _end_uninit_RESERVED = .

.data           0x1ffff080       0x10 load address 0x0000a5c8
 FILL mask 0xff
                0x1ffff080                _data = .
                [!provide]                PROVIDE (__start_data_RAM = .)
                [!provide]                PROVIDE (__start_data_SRAM = .)
 *(SORT_BY_ALIGNMENT(vtable))
 *(SORT_BY_ALIGNMENT(.ramfunc*))
 *(SORT_BY_ALIGNMENT(CodeQuickAccess))
 *(SORT_BY_ALIGNMENT(DataQuickAccess))
 *(SORT_BY_ALIGNMENT(RamFunction))
 *(SORT_BY_ALIGNMENT(.data*))
 .data.s_slowIrcFreq
                0x1ffff080        0x4 ./drivers/fsl_clock.o
 .data.SystemCoreClock
                0x1ffff084        0x4 ./CMSIS/system_MKL25Z4.o
                0x1ffff084                SystemCoreClock
 .data.neginf.4394
                0x1ffff088        0x4 c:/nxp/mcuxpressoide_11.2.0_4120/ide/plugins/com.nxp.mcuxpresso.tools.win32_11.2.0.202001021529/tools/bin/../lib/gcc/arm-none-eabi/9.2.1/../../../../arm-none-eabi/lib/thumb/v6-m/nofp\libcr_c.a(scanf.o)
 .data.posinf.4393
                0x1ffff08c        0x4 c:/nxp/mcuxpressoide_11.2.0_4120/ide/plugins/com.nxp.mcuxpresso.tools.win32_11.2.0.202001021529/tools/bin/../lib/gcc/arm-none-eabi/9.2.1/../../../../arm-none-eabi/lib/thumb/v6-m/nofp\libcr_c.a(scanf.o)
                0x1ffff090                . = ALIGN (0x4)
                0x1ffff090                _edata = .
                [!provide]                PROVIDE (__end_data_RAM = .)
                [!provide]                PROVIDE (__end_data_SRAM = .)

.igot.plt       0x1ffff090        0x0 load address 0x0000a5d8
 .igot.plt      0x1ffff090        0x0 ./utilities/fsl_debug_console.o

.bss            0x1ffff090      0x314
                0x1ffff090                _bss = .
                [!provide]                PROVIDE (__start_bss_RAM = .)
                [!provide]                PROVIDE (__start_bss_SRAM = .)
 *(SORT_BY_ALIGNMENT(.bss*))
 .bss.s_debugConsole
                0x1ffff090       0x10 ./utilities/fsl_debug_console.o
 .bss.CB_fifo_type
                0x1ffff0a0      0x218 ./source/cbfifo.o
                0x1ffff0a0                CB_fifo_type
 .bss.timer_value
                0x1ffff2b8        0x4 ./source/timer.o
                0x1ffff2b8                timer_value
 .bss.timer_reset_value
                0x1ffff2bc        0x4 ./source/timer.o
                0x1ffff2bc                timer_reset_value
 .bss.g_xtal0Freq
                0x1ffff2c0        0x4 ./drivers/fsl_clock.o
                0x1ffff2c0                g_xtal0Freq
 .bss.s_lpsciHandle
                0x1ffff2c4        0x4 ./drivers/fsl_lpsci.o
 .bss.s_lpsciIsr
                0x1ffff2c8        0x4 ./drivers/fsl_lpsci.o
 .bss.s_uartHandle
                0x1ffff2cc        0xc ./drivers/fsl_uart.o
 .bss.s_uartIsr
                0x1ffff2d8        0x4 ./drivers/fsl_uart.o
 .bss.__Ciob    0x1ffff2dc       0xb4 c:/nxp/mcuxpressoide_11.2.0_4120/ide/plugins/com.nxp.mcuxpresso.tools.win32_11.2.0.202001021529/tools/bin/../lib/gcc/arm-none-eabi/9.2.1/../../../../arm-none-eabi/lib/thumb/v6-m/nofp\libcr_semihost_nf.a(__ciob.o)
                0x1ffff2dc                __Ciob
 .bss.__end_of_heap
                0x1ffff390        0x4 c:/nxp/mcuxpressoide_11.2.0_4120/ide/plugins/com.nxp.mcuxpresso.tools.win32_11.2.0.202001021529/tools/bin/../lib/gcc/arm-none-eabi/9.2.1/../../../../arm-none-eabi/lib/thumb/v6-m/nofp\libcr_c.a(__init_alloc.o)
                0x1ffff390                __end_of_heap
 .bss.__heaps   0x1ffff394        0x4 c:/nxp/mcuxpressoide_11.2.0_4120/ide/plugins/com.nxp.mcuxpresso.tools.win32_11.2.0.202001021529/tools/bin/../lib/gcc/arm-none-eabi/9.2.1/../../../../arm-none-eabi/lib/thumb/v6-m/nofp\libcr_c.a(__init_alloc.o)
                0x1ffff394                __heaps
 .bss.errno     0x1ffff398        0x4 c:/nxp/mcuxpressoide_11.2.0_4120/ide/plugins/com.nxp.mcuxpresso.tools.win32_11.2.0.202001021529/tools/bin/../lib/gcc/arm-none-eabi/9.2.1/../../../../arm-none-eabi/lib/thumb/v6-m/nofp\libcr_c.a(errno.o)
                0x1ffff398                errno
 .bss.adc_result.5448
                0x1ffff39c        0x2 ./source/mq7.o
 .bss.adc_result_avg.5449
                0x1ffff39e        0x2 ./source/mq7.o
 .bss.i.5450    0x1ffff3a0        0x1 ./source/mq7.o
 *(SORT_BY_ALIGNMENT(COMMON))
                0x1ffff3a4                . = ALIGN (0x4)
 *fill*         0x1ffff3a1        0x3 
                0x1ffff3a4                _ebss = .
                [!provide]                PROVIDE (__end_bss_RAM = .)
                [!provide]                PROVIDE (__end_bss_SRAM = .)
                [!provide]                PROVIDE (end = .)

.noinit         0x1ffff3a4        0x0
                0x1ffff3a4                _noinit = .
                [!provide]                PROVIDE (__start_noinit_RAM = .)
                [!provide]                PROVIDE (__start_noinit_SRAM = .)
 *(SORT_BY_ALIGNMENT(.noinit*))
                0x1ffff3a4                . = ALIGN (0x4)
                0x1ffff3a4                _end_noinit = .
                [!provide]                PROVIDE (__end_noinit_RAM = .)
                [!provide]                PROVIDE (__end_noinit_SRAM = .)
                0x00000400                _HeapSize = 0x400

.heap           0x1ffff3a4      0x400
                0x1ffff3a4                _pvHeapStart = .
                0x1ffff7a4                . = (. + _HeapSize)
 *fill*         0x1ffff3a4      0x400 
                0x1ffff7a4                . = ALIGN (0x4)
                0x1ffff7a4                _pvHeapLimit = .
                0x00000400                _StackSize = 0x400

.heap2stackfill
                0x1ffff7a4      0x400
                0x1ffffba4                . = (. + _StackSize)
 *fill*         0x1ffff7a4      0x400 

.stack          0x20002c00        0x0
                0x20002c00                _vStackBase = .
                0x20002c00                . = ALIGN (0x4)
                0x20003000                _vStackTop = (. + _StackSize)
                0x00000000                _image_start = LOADADDR (.text)
                0x0000a5d8                _image_end = (LOADADDR (.data) + SIZEOF (.data))
                0x0000a5d8                _image_size = (_image_end - _image_start)
OUTPUT(Pes_final_project.axf elf32-littlearm)

.debug_info     0x00000000     0xb565
 .debug_info    0x00000000      0x9b5 ./utilities/fsl_debug_console.o
 .debug_info    0x000009b5      0x4df ./startup/startup_mkl25z4.o
 .debug_info    0x00000e94      0x28c ./source/Accumulate_Line.o
 .debug_info    0x00001120      0x64d ./source/adc.o
 .debug_info    0x0000176d      0x4b8 ./source/cbfifo.o
 .debug_info    0x00001c25      0x292 ./source/hexdump.o
 .debug_info    0x00001eb7      0x5ef ./source/i2c.o
 .debug_info    0x000024a6      0x53d ./source/main.o
 .debug_info    0x000029e3      0x43d ./source/mq7.o
 .debug_info    0x00002e20       0x53 ./source/mtb.o
 .debug_info    0x00002e73      0x6fe ./source/process_command.o
 .debug_info    0x00003571      0x5be ./source/pwm.o
 .debug_info    0x00003b2f      0x38f ./source/rgb_led.o
 .debug_info    0x00003ebe       0x3c ./source/semihost_hardfault.o
 .debug_info    0x00003efa      0x26d ./source/sht21.o
 .debug_info    0x00004167      0x1e4 ./source/sysclock.o
 .debug_info    0x0000434b      0x2df ./source/test_cbfifo.o
 .debug_info    0x0000462a      0x5a5 ./source/timer.o
 .debug_info    0x00004bcf      0x969 ./source/uart.o
 .debug_info    0x00005538     0x1a97 ./drivers/fsl_clock.o
 .debug_info    0x00006fcf     0x1469 ./drivers/fsl_lpsci.o
 .debug_info    0x00008438     0x140a ./drivers/fsl_uart.o
 .debug_info    0x00009842      0x80b ./board/board.o
 .debug_info    0x0000a04d      0xb00 ./board/clock_config.o
 .debug_info    0x0000ab4d       0x3c ./board/peripherals.o
 .debug_info    0x0000ab89      0x5a3 ./board/pin_mux.o
 .debug_info    0x0000b12c      0x439 ./CMSIS/system_MKL25Z4.o

.debug_abbrev   0x00000000     0x2a2e
 .debug_abbrev  0x00000000      0x21b ./utilities/fsl_debug_console.o
 .debug_abbrev  0x0000021b      0x18d ./startup/startup_mkl25z4.o
 .debug_abbrev  0x000003a8      0x115 ./source/Accumulate_Line.o
 .debug_abbrev  0x000004bd      0x198 ./source/adc.o
 .debug_abbrev  0x00000655      0x20e ./source/cbfifo.o
 .debug_abbrev  0x00000863      0x137 ./source/hexdump.o
 .debug_abbrev  0x0000099a      0x17c ./source/i2c.o
 .debug_abbrev  0x00000b16      0x12e ./source/main.o
 .debug_abbrev  0x00000c44      0x137 ./source/mq7.o
 .debug_abbrev  0x00000d7b       0x46 ./source/mtb.o
 .debug_abbrev  0x00000dc1      0x172 ./source/process_command.o
 .debug_abbrev  0x00000f33      0x169 ./source/pwm.o
 .debug_abbrev  0x0000109c      0x18b ./source/rgb_led.o
 .debug_abbrev  0x00001227       0x31 ./source/semihost_hardfault.o
 .debug_abbrev  0x00001258       0xfd ./source/sht21.o
 .debug_abbrev  0x00001355       0xef ./source/sysclock.o
 .debug_abbrev  0x00001444      0x13a ./source/test_cbfifo.o
 .debug_abbrev  0x0000157e      0x1f1 ./source/timer.o
 .debug_abbrev  0x0000176f      0x21b ./source/uart.o
 .debug_abbrev  0x0000198a      0x36f ./drivers/fsl_clock.o
 .debug_abbrev  0x00001cf9      0x309 ./drivers/fsl_lpsci.o
 .debug_abbrev  0x00002002      0x323 ./drivers/fsl_uart.o
 .debug_abbrev  0x00002325      0x1a7 ./board/board.o
 .debug_abbrev  0x000024cc      0x220 ./board/clock_config.o
 .debug_abbrev  0x000026ec       0x31 ./board/peripherals.o
 .debug_abbrev  0x0000271d      0x1bb ./board/pin_mux.o
 .debug_abbrev  0x000028d8      0x156 ./CMSIS/system_MKL25Z4.o

.debug_aranges  0x00000000      0x9f0
 .debug_aranges
                0x00000000       0x48 ./utilities/fsl_debug_console.o
 .debug_aranges
                0x00000048      0x160 ./startup/startup_mkl25z4.o
 .debug_aranges
                0x000001a8       0x20 ./source/Accumulate_Line.o
 .debug_aranges
                0x000001c8       0x30 ./source/adc.o
 .debug_aranges
                0x000001f8       0x40 ./source/cbfifo.o
 .debug_aranges
                0x00000238       0x28 ./source/hexdump.o
 .debug_aranges
                0x00000260       0x30 ./source/i2c.o
 .debug_aranges
                0x00000290       0x20 ./source/main.o
 .debug_aranges
                0x000002b0       0x20 ./source/mq7.o
 .debug_aranges
                0x000002d0       0x18 ./source/mtb.o
 .debug_aranges
                0x000002e8       0x58 ./source/process_command.o
 .debug_aranges
                0x00000340       0x30 ./source/pwm.o
 .debug_aranges
                0x00000370       0x30 ./source/rgb_led.o
 .debug_aranges
                0x000003a0       0x20 ./source/semihost_hardfault.o
 .debug_aranges
                0x000003c0       0x28 ./source/sht21.o
 .debug_aranges
                0x000003e8       0x20 ./source/sysclock.o
 .debug_aranges
                0x00000408       0x30 ./source/test_cbfifo.o
 .debug_aranges
                0x00000438       0x48 ./source/timer.o
 .debug_aranges
                0x00000480       0x50 ./source/uart.o
 .debug_aranges
                0x000004d0      0x1d8 ./drivers/fsl_clock.o
 .debug_aranges
                0x000006a8      0x118 ./drivers/fsl_lpsci.o
 .debug_aranges
                0x000007c0      0x130 ./drivers/fsl_uart.o
 .debug_aranges
                0x000008f0       0x28 ./board/board.o
 .debug_aranges
                0x00000918       0x58 ./board/clock_config.o
 .debug_aranges
                0x00000970       0x20 ./board/peripherals.o
 .debug_aranges
                0x00000990       0x38 ./board/pin_mux.o
 .debug_aranges
                0x000009c8       0x28 ./CMSIS/system_MKL25Z4.o

.debug_ranges   0x00000000      0x838
 .debug_ranges  0x00000000       0x38 ./utilities/fsl_debug_console.o
 .debug_ranges  0x00000038      0x150 ./startup/startup_mkl25z4.o
 .debug_ranges  0x00000188       0x10 ./source/Accumulate_Line.o
 .debug_ranges  0x00000198       0x20 ./source/adc.o
 .debug_ranges  0x000001b8       0x30 ./source/cbfifo.o
 .debug_ranges  0x000001e8       0x18 ./source/hexdump.o
 .debug_ranges  0x00000200       0x20 ./source/i2c.o
 .debug_ranges  0x00000220       0x10 ./source/main.o
 .debug_ranges  0x00000230       0x10 ./source/mq7.o
 .debug_ranges  0x00000240       0x48 ./source/process_command.o
 .debug_ranges  0x00000288       0x20 ./source/pwm.o
 .debug_ranges  0x000002a8       0x20 ./source/rgb_led.o
 .debug_ranges  0x000002c8       0x10 ./source/semihost_hardfault.o
 .debug_ranges  0x000002d8       0x18 ./source/sht21.o
 .debug_ranges  0x000002f0       0x10 ./source/sysclock.o
 .debug_ranges  0x00000300       0x20 ./source/test_cbfifo.o
 .debug_ranges  0x00000320       0x38 ./source/timer.o
 .debug_ranges  0x00000358       0x40 ./source/uart.o
 .debug_ranges  0x00000398      0x1c8 ./drivers/fsl_clock.o
 .debug_ranges  0x00000560      0x108 ./drivers/fsl_lpsci.o
 .debug_ranges  0x00000668      0x120 ./drivers/fsl_uart.o
 .debug_ranges  0x00000788       0x18 ./board/board.o
 .debug_ranges  0x000007a0       0x48 ./board/clock_config.o
 .debug_ranges  0x000007e8       0x10 ./board/peripherals.o
 .debug_ranges  0x000007f8       0x28 ./board/pin_mux.o
 .debug_ranges  0x00000820       0x18 ./CMSIS/system_MKL25Z4.o

.debug_macro    0x00000000     0xef77
 .debug_macro   0x00000000      0x13a ./utilities/fsl_debug_console.o
 .debug_macro   0x0000013a      0xaae ./utilities/fsl_debug_console.o
 .debug_macro   0x00000be8       0x10 ./utilities/fsl_debug_console.o
 .debug_macro   0x00000bf8       0x16 ./utilities/fsl_debug_console.o
 .debug_macro   0x00000c0e       0x10 ./utilities/fsl_debug_console.o
 .debug_macro   0x00000c1e      0x12e ./utilities/fsl_debug_console.o
 .debug_macro   0x00000d4c       0x28 ./utilities/fsl_debug_console.o
 .debug_macro   0x00000d74       0xc4 ./utilities/fsl_debug_console.o
 .debug_macro   0x00000e38       0x16 ./utilities/fsl_debug_console.o
 .debug_macro   0x00000e4e       0x22 ./utilities/fsl_debug_console.o
 .debug_macro   0x00000e70      0x5b3 ./utilities/fsl_debug_console.o
 .debug_macro   0x00001423       0x10 ./utilities/fsl_debug_console.o
 .debug_macro   0x00001433       0x3f ./utilities/fsl_debug_console.o
 .debug_macro   0x00001472       0x3a ./utilities/fsl_debug_console.o
 .debug_macro   0x000014ac       0x26 ./utilities/fsl_debug_console.o
 .debug_macro   0x000014d2      0x329 ./utilities/fsl_debug_console.o
 .debug_macro   0x000017fb       0x30 ./utilities/fsl_debug_console.o
 .debug_macro   0x0000182b     0x51e2 ./utilities/fsl_debug_console.o
 .debug_macro   0x00006a0d     0x1352 ./utilities/fsl_debug_console.o
 .debug_macro   0x00007d5f       0x3a ./utilities/fsl_debug_console.o
 .debug_macro   0x00007d99       0xf4 ./utilities/fsl_debug_console.o
 .debug_macro   0x00007e8d       0x35 ./utilities/fsl_debug_console.o
 .debug_macro   0x00007ec2       0x9a ./utilities/fsl_debug_console.o
 .debug_macro   0x00007f5c       0x2e ./utilities/fsl_debug_console.o
 .debug_macro   0x00007f8a       0x10 ./utilities/fsl_debug_console.o
 .debug_macro   0x00007f9a       0x10 ./utilities/fsl_debug_console.o
 .debug_macro   0x00007faa       0x29 ./startup/startup_mkl25z4.o
 .debug_macro   0x00007fd3      0x200 ./source/Accumulate_Line.o
 .debug_macro   0x000081d3       0x3f ./source/Accumulate_Line.o
 .debug_macro   0x00008212     0x51e2 ./source/Accumulate_Line.o
 .debug_macro   0x0000d3f4       0x10 ./source/Accumulate_Line.o
 .debug_macro   0x0000d404       0x7c ./source/Accumulate_Line.o
 .debug_macro   0x0000d480       0x3a ./source/Accumulate_Line.o
 .debug_macro   0x0000d4ba       0x16 ./source/Accumulate_Line.o
 .debug_macro   0x0000d4d0       0x16 ./source/Accumulate_Line.o
 .debug_macro   0x0000d4e6      0x12a ./source/adc.o
 .debug_macro   0x0000d610       0xa0 ./source/adc.o
 .debug_macro   0x0000d6b0       0x34 ./source/adc.o
 .debug_macro   0x0000d6e4       0xcf ./source/cbfifo.o
 .debug_macro   0x0000d7b3       0xa6 ./source/hexdump.o
 .debug_macro   0x0000d859      0x135 ./source/i2c.o
 .debug_macro   0x0000d98e      0x23e ./source/main.o
 .debug_macro   0x0000dbcc       0x16 ./source/main.o
 .debug_macro   0x0000dbe2       0x10 ./source/main.o
 .debug_macro   0x0000dbf2      0x112 ./source/main.o
 .debug_macro   0x0000dd04       0x34 ./source/main.o
 .debug_macro   0x0000dd38       0x22 ./source/main.o
 .debug_macro   0x0000dd5a      0x158 ./source/mq7.o
 .debug_macro   0x0000deb2       0x2f ./source/mtb.o
 .debug_macro   0x0000dee1       0x82 ./source/mtb.o
 .debug_macro   0x0000df63       0x10 ./source/mtb.o
 .debug_macro   0x0000df73      0x20e ./source/process_command.o
 .debug_macro   0x0000e181       0xda ./source/pwm.o
 .debug_macro   0x0000e25b       0x10 ./source/pwm.o
 .debug_macro   0x0000e26b       0xea ./source/rgb_led.o
 .debug_macro   0x0000e355       0x11 ./source/semihost_hardfault.o
 .debug_macro   0x0000e366      0x14e ./source/sht21.o
 .debug_macro   0x0000e4b4       0x91 ./source/sysclock.o
 .debug_macro   0x0000e545       0xe0 ./source/test_cbfifo.o
 .debug_macro   0x0000e625       0xbd ./source/timer.o
 .debug_macro   0x0000e6e2       0xf1 ./source/uart.o
 .debug_macro   0x0000e7d3      0x196 ./drivers/fsl_clock.o
 .debug_macro   0x0000e969       0x1c ./drivers/fsl_clock.o
 .debug_macro   0x0000e985       0xec ./drivers/fsl_lpsci.o
 .debug_macro   0x0000ea71       0xf2 ./drivers/fsl_uart.o
 .debug_macro   0x0000eb63      0x12b ./board/board.o
 .debug_macro   0x0000ec8e      0x123 ./board/clock_config.o
 .debug_macro   0x0000edb1       0x1b ./board/peripherals.o
 .debug_macro   0x0000edcc      0x107 ./board/pin_mux.o
 .debug_macro   0x0000eed3       0x10 ./board/pin_mux.o
 .debug_macro   0x0000eee3       0x94 ./CMSIS/system_MKL25Z4.o

.debug_line     0x00000000     0x84ba
 .debug_line    0x00000000      0x4a2 ./utilities/fsl_debug_console.o
 .debug_line    0x000004a2      0x1e7 ./startup/startup_mkl25z4.o
 .debug_line    0x00000689      0x4b3 ./source/Accumulate_Line.o
 .debug_line    0x00000b3c      0x4a8 ./source/adc.o
 .debug_line    0x00000fe4      0x413 ./source/cbfifo.o
 .debug_line    0x000013f7      0x300 ./source/hexdump.o
 .debug_line    0x000016f7      0x4e5 ./source/i2c.o
 .debug_line    0x00001bdc      0x50d ./source/main.o
 .debug_line    0x000020e9      0x3d0 ./source/mq7.o
 .debug_line    0x000024b9       0xd1 ./source/mtb.o
 .debug_line    0x0000258a      0x6f3 ./source/process_command.o
 .debug_line    0x00002c7d      0x313 ./source/pwm.o
 .debug_line    0x00002f90      0x314 ./source/rgb_led.o
 .debug_line    0x000032a4       0x59 ./source/semihost_hardfault.o
 .debug_line    0x000032fd      0x3c7 ./source/sht21.o
 .debug_line    0x000036c4      0x24b ./source/sysclock.o
 .debug_line    0x0000390f      0x6fd ./source/test_cbfifo.o
 .debug_line    0x0000400c      0x348 ./source/timer.o
 .debug_line    0x00004354      0x478 ./source/uart.o
 .debug_line    0x000047cc     0x1305 ./drivers/fsl_clock.o
 .debug_line    0x00005ad1      0xd7e ./drivers/fsl_lpsci.o
 .debug_line    0x0000684f      0xd6d ./drivers/fsl_uart.o
 .debug_line    0x000075bc      0x3d2 ./board/board.o
 .debug_line    0x0000798e      0x40b ./board/clock_config.o
 .debug_line    0x00007d99       0x5c ./board/peripherals.o
 .debug_line    0x00007df5      0x392 ./board/pin_mux.o
 .debug_line    0x00008187      0x333 ./CMSIS/system_MKL25Z4.o

.debug_str      0x00000000    0x36827
 .debug_str     0x00000000    0x3155e ./utilities/fsl_debug_console.o
                              0x317b0 (size before relaxing)
 .debug_str     0x0003155e      0x3e1 ./startup/startup_mkl25z4.o
                               0x3204 (size before relaxing)
 .debug_str     0x0003193f      0x54f ./source/Accumulate_Line.o
                              0x31381 (size before relaxing)
 .debug_str     0x00031e8e      0x184 ./source/adc.o
                              0x30c34 (size before relaxing)
 .debug_str     0x00032012       0xf4 ./source/cbfifo.o
                              0x29249 (size before relaxing)
 .debug_str     0x00032106       0xf5 ./source/hexdump.o
                               0x491c (size before relaxing)
 .debug_str     0x000321fb       0x9f ./source/i2c.o
                              0x30dd4 (size before relaxing)
 .debug_str     0x0003229a      0xd6c ./source/main.o
                              0x32066 (size before relaxing)
 .debug_str     0x00033006       0x61 ./source/mq7.o
                              0x310a1 (size before relaxing)
 .debug_str     0x00033067      0x532 ./source/mtb.o
                               0x3310 (size before relaxing)
 .debug_str     0x00033599      0x135 ./source/process_command.o
                              0x318bc (size before relaxing)
 .debug_str     0x000336ce       0x70 ./source/pwm.o
                              0x292ab (size before relaxing)
 .debug_str     0x0003373e       0x43 ./source/rgb_led.o
                              0x291d6 (size before relaxing)
 .debug_str     0x00033781       0x1f ./source/semihost_hardfault.o
                               0x2dfd (size before relaxing)
 .debug_str     0x000337a0       0x72 ./source/sht21.o
                              0x30ccb (size before relaxing)
 .debug_str     0x00033812       0x38 ./source/sysclock.o
                              0x28de3 (size before relaxing)
 .debug_str     0x0003384a       0x7a ./source/test_cbfifo.o
                              0x2926e (size before relaxing)
 .debug_str     0x000338c4      0x2a2 ./source/timer.o
                              0x293e0 (size before relaxing)
 .debug_str     0x00033b66       0xc6 ./source/uart.o
                              0x295b0 (size before relaxing)
 .debug_str     0x00033c2c     0x14bd ./drivers/fsl_clock.o
                              0x3230b (size before relaxing)
 .debug_str     0x000350e9      0x95f ./drivers/fsl_lpsci.o
                              0x31913 (size before relaxing)
 .debug_str     0x00035a48      0x832 ./drivers/fsl_uart.o
                              0x31936 (size before relaxing)
 .debug_str     0x0003627a       0x4c ./board/board.o
                              0x316f3 (size before relaxing)
 .debug_str     0x000362c6      0x300 ./board/clock_config.o
                              0x31239 (size before relaxing)
 .debug_str     0x000365c6       0x31 ./board/peripherals.o
                               0x2e0e (size before relaxing)
 .debug_str     0x000365f7      0x1e1 ./board/pin_mux.o
                              0x3099c (size before relaxing)
 .debug_str     0x000367d8       0x4f ./CMSIS/system_MKL25Z4.o
                              0x2fc75 (size before relaxing)

.comment        0x00000000       0x79
 .comment       0x00000000       0x79 ./utilities/fsl_debug_console.o
                                 0x7a (size before relaxing)
 .comment       0x00000079       0x7a ./startup/startup_mkl25z4.o
 .comment       0x00000079       0x7a ./source/Accumulate_Line.o
 .comment       0x00000079       0x7a ./source/adc.o
 .comment       0x00000079       0x7a ./source/cbfifo.o
 .comment       0x00000079       0x7a ./source/hexdump.o
 .comment       0x00000079       0x7a ./source/i2c.o
 .comment       0x00000079       0x7a ./source/main.o
 .comment       0x00000079       0x7a ./source/mq7.o
 .comment       0x00000079       0x7a ./source/mtb.o
 .comment       0x00000079       0x7a ./source/process_command.o
 .comment       0x00000079       0x7a ./source/pwm.o
 .comment       0x00000079       0x7a ./source/rgb_led.o
 .comment       0x00000079       0x7a ./source/semihost_hardfault.o
 .comment       0x00000079       0x7a ./source/sht21.o
 .comment       0x00000079       0x7a ./source/sysclock.o
 .comment       0x00000079       0x7a ./source/test_cbfifo.o
 .comment       0x00000079       0x7a ./source/timer.o
 .comment       0x00000079       0x7a ./source/uart.o
 .comment       0x00000079       0x7a ./drivers/fsl_clock.o
 .comment       0x00000079       0x7a ./drivers/fsl_lpsci.o
 .comment       0x00000079       0x7a ./drivers/fsl_uart.o
 .comment       0x00000079       0x7a ./board/board.o
 .comment       0x00000079       0x7a ./board/clock_config.o
 .comment       0x00000079       0x7a ./board/peripherals.o
 .comment       0x00000079       0x7a ./board/pin_mux.o
 .comment       0x00000079       0x7a ./CMSIS/system_MKL25Z4.o
 .comment       0x00000079       0x7a c:/nxp/mcuxpressoide_11.2.0_4120/ide/plugins/com.nxp.mcuxpresso.tools.win32_11.2.0.202001021529/tools/bin/../lib/gcc/arm-none-eabi/9.2.1/../../../../arm-none-eabi/lib/thumb/v6-m/nofp\libcr_semihost_nf.a(__ciob.o)
 .comment       0x00000079       0x7a c:/nxp/mcuxpressoide_11.2.0_4120/ide/plugins/com.nxp.mcuxpresso.tools.win32_11.2.0.202001021529/tools/bin/../lib/gcc/arm-none-eabi/9.2.1/../../../../arm-none-eabi/lib/thumb/v6-m/nofp\libcr_semihost_nf.a(_cr__main.o)
 .comment       0x00000079       0x7a c:/nxp/mcuxpressoide_11.2.0_4120/ide/plugins/com.nxp.mcuxpresso.tools.win32_11.2.0.202001021529/tools/bin/../lib/gcc/arm-none-eabi/9.2.1/../../../../arm-none-eabi/lib/thumb/v6-m/nofp\libcr_semihost_nf.a(_cr_assert.o)
 .comment       0x00000079       0x7a c:/nxp/mcuxpressoide_11.2.0_4120/ide/plugins/com.nxp.mcuxpresso.tools.win32_11.2.0.202001021529/tools/bin/../lib/gcc/arm-none-eabi/9.2.1/../../../../arm-none-eabi/lib/thumb/v6-m/nofp\libcr_c.a(memcpy.o)
 .comment       0x00000079       0x7a c:/nxp/mcuxpressoide_11.2.0_4120/ide/plugins/com.nxp.mcuxpresso.tools.win32_11.2.0.202001021529/tools/bin/../lib/gcc/arm-none-eabi/9.2.1/../../../../arm-none-eabi/lib/thumb/v6-m/nofp\libcr_c.a(memset.o)
 .comment       0x00000079       0x7a c:/nxp/mcuxpressoide_11.2.0_4120/ide/plugins/com.nxp.mcuxpresso.tools.win32_11.2.0.202001021529/tools/bin/../lib/gcc/arm-none-eabi/9.2.1/../../../../arm-none-eabi/lib/thumb/v6-m/nofp\libcr_c.a(_deferredlazyseek.o)
 .comment       0x00000079       0x7a c:/nxp/mcuxpressoide_11.2.0_4120/ide/plugins/com.nxp.mcuxpresso.tools.win32_11.2.0.202001021529/tools/bin/../lib/gcc/arm-none-eabi/9.2.1/../../../../arm-none-eabi/lib/thumb/v6-m/nofp\libcr_c.a(_fflush.o)
 .comment       0x00000079       0x7a c:/nxp/mcuxpressoide_11.2.0_4120/ide/plugins/com.nxp.mcuxpresso.tools.win32_11.2.0.202001021529/tools/bin/../lib/gcc/arm-none-eabi/9.2.1/../../../../arm-none-eabi/lib/thumb/v6-m/nofp\libcr_c.a(_writebuf.o)
 .comment       0x00000079       0x7a c:/nxp/mcuxpressoide_11.2.0_4120/ide/plugins/com.nxp.mcuxpresso.tools.win32_11.2.0.202001021529/tools/bin/../lib/gcc/arm-none-eabi/9.2.1/../../../../arm-none-eabi/lib/thumb/v6-m/nofp\libcr_c.a(alloc.o)
 .comment       0x00000079       0x7a c:/nxp/mcuxpressoide_11.2.0_4120/ide/plugins/com.nxp.mcuxpresso.tools.win32_11.2.0.202001021529/tools/bin/../lib/gcc/arm-none-eabi/9.2.1/../../../../arm-none-eabi/lib/thumb/v6-m/nofp\libcr_c.a(fpprintf.o)
 .comment       0x00000079       0x7a c:/nxp/mcuxpressoide_11.2.0_4120/ide/plugins/com.nxp.mcuxpresso.tools.win32_11.2.0.202001021529/tools/bin/../lib/gcc/arm-none-eabi/9.2.1/../../../../arm-none-eabi/lib/thumb/v6-m/nofp\libcr_c.a(fputs.o)
 .comment       0x00000079       0x7a c:/nxp/mcuxpressoide_11.2.0_4120/ide/plugins/com.nxp.mcuxpresso.tools.win32_11.2.0.202001021529/tools/bin/../lib/gcc/arm-none-eabi/9.2.1/../../../../arm-none-eabi/lib/thumb/v6-m/nofp\libcr_c.a(fseek.o)
 .comment       0x00000079       0x7a c:/nxp/mcuxpressoide_11.2.0_4120/ide/plugins/com.nxp.mcuxpresso.tools.win32_11.2.0.202001021529/tools/bin/../lib/gcc/arm-none-eabi/9.2.1/../../../../arm-none-eabi/lib/thumb/v6-m/nofp\libcr_c.a(ftell.o)
 .comment       0x00000079       0x7a c:/nxp/mcuxpressoide_11.2.0_4120/ide/plugins/com.nxp.mcuxpresso.tools.win32_11.2.0.202001021529/tools/bin/../lib/gcc/arm-none-eabi/9.2.1/../../../../arm-none-eabi/lib/thumb/v6-m/nofp\libcr_c.a(initio.o)
 .comment       0x00000079       0x7a c:/nxp/mcuxpressoide_11.2.0_4120/ide/plugins/com.nxp.mcuxpresso.tools.win32_11.2.0.202001021529/tools/bin/../lib/gcc/arm-none-eabi/9.2.1/../../../../arm-none-eabi/lib/thumb/v6-m/nofp\libcr_c.a(printf.o)
 .comment       0x00000079       0x7a c:/nxp/mcuxpressoide_11.2.0_4120/ide/plugins/com.nxp.mcuxpresso.tools.win32_11.2.0.202001021529/tools/bin/../lib/gcc/arm-none-eabi/9.2.1/../../../../arm-none-eabi/lib/thumb/v6-m/nofp\libcr_c.a(scanf.o)
 .comment       0x00000079       0x7a c:/nxp/mcuxpressoide_11.2.0_4120/ide/plugins/com.nxp.mcuxpresso.tools.win32_11.2.0.202001021529/tools/bin/../lib/gcc/arm-none-eabi/9.2.1/../../../../arm-none-eabi/lib/thumb/v6-m/nofp\libcr_c.a(setvbuf.o)
 .comment       0x00000079       0x7a c:/nxp/mcuxpressoide_11.2.0_4120/ide/plugins/com.nxp.mcuxpresso.tools.win32_11.2.0.202001021529/tools/bin/../lib/gcc/arm-none-eabi/9.2.1/../../../../arm-none-eabi/lib/thumb/v6-m/nofp\libcr_c.a(strcasecmp.o)
 .comment       0x00000079       0x7a c:/nxp/mcuxpressoide_11.2.0_4120/ide/plugins/com.nxp.mcuxpresso.tools.win32_11.2.0.202001021529/tools/bin/../lib/gcc/arm-none-eabi/9.2.1/../../../../arm-none-eabi/lib/thumb/v6-m/nofp\libcr_c.a(strlen.o)
 .comment       0x00000079       0x7a c:/nxp/mcuxpressoide_11.2.0_4120/ide/plugins/com.nxp.mcuxpresso.tools.win32_11.2.0.202001021529/tools/bin/../lib/gcc/arm-none-eabi/9.2.1/../../../../arm-none-eabi/lib/thumb/v6-m/nofp\libcr_c.a(strncmp.o)
 .comment       0x00000079       0x7a c:/nxp/mcuxpressoide_11.2.0_4120/ide/plugins/com.nxp.mcuxpresso.tools.win32_11.2.0.202001021529/tools/bin/../lib/gcc/arm-none-eabi/9.2.1/../../../../arm-none-eabi/lib/thumb/v6-m/nofp\libcr_c.a(strstr.o)
 .comment       0x00000079       0x7a c:/nxp/mcuxpressoide_11.2.0_4120/ide/plugins/com.nxp.mcuxpresso.tools.win32_11.2.0.202001021529/tools/bin/../lib/gcc/arm-none-eabi/9.2.1/../../../../arm-none-eabi/lib/thumb/v6-m/nofp\libcr_c.a(ungetc.o)
 .comment       0x00000079       0x7a c:/nxp/mcuxpressoide_11.2.0_4120/ide/plugins/com.nxp.mcuxpresso.tools.win32_11.2.0.202001021529/tools/bin/../lib/gcc/arm-none-eabi/9.2.1/../../../../arm-none-eabi/lib/thumb/v6-m/nofp\libcr_c.a(__fillbuf.o)
 .comment       0x00000079       0x7a c:/nxp/mcuxpressoide_11.2.0_4120/ide/plugins/com.nxp.mcuxpresso.tools.win32_11.2.0.202001021529/tools/bin/../lib/gcc/arm-none-eabi/9.2.1/../../../../arm-none-eabi/lib/thumb/v6-m/nofp\libcr_c.a(__init_alloc.o)
 .comment       0x00000079       0x7a c:/nxp/mcuxpressoide_11.2.0_4120/ide/plugins/com.nxp.mcuxpresso.tools.win32_11.2.0.202001021529/tools/bin/../lib/gcc/arm-none-eabi/9.2.1/../../../../arm-none-eabi/lib/thumb/v6-m/nofp\libcr_c.a(_cr_sbrk.o)
 .comment       0x00000079       0x7a c:/nxp/mcuxpressoide_11.2.0_4120/ide/plugins/com.nxp.mcuxpresso.tools.win32_11.2.0.202001021529/tools/bin/../lib/gcc/arm-none-eabi/9.2.1/../../../../arm-none-eabi/lib/thumb/v6-m/nofp\libcr_c.a(_fdopen.o)
 .comment       0x00000079       0x7a c:/nxp/mcuxpressoide_11.2.0_4120/ide/plugins/com.nxp.mcuxpresso.tools.win32_11.2.0.202001021529/tools/bin/../lib/gcc/arm-none-eabi/9.2.1/../../../../arm-none-eabi/lib/thumb/v6-m/nofp\libcr_c.a(_frexpl.o)
 .comment       0x00000079       0x7a c:/nxp/mcuxpressoide_11.2.0_4120/ide/plugins/com.nxp.mcuxpresso.tools.win32_11.2.0.202001021529/tools/bin/../lib/gcc/arm-none-eabi/9.2.1/../../../../arm-none-eabi/lib/thumb/v6-m/nofp\libcr_c.a(_ldexpl.o)
 .comment       0x00000079       0x7a c:/nxp/mcuxpressoide_11.2.0_4120/ide/plugins/com.nxp.mcuxpresso.tools.win32_11.2.0.202001021529/tools/bin/../lib/gcc/arm-none-eabi/9.2.1/../../../../arm-none-eabi/lib/thumb/v6-m/nofp\libcr_c.a(ctype.o)
 .comment       0x00000079       0x7a c:/nxp/mcuxpressoide_11.2.0_4120/ide/plugins/com.nxp.mcuxpresso.tools.win32_11.2.0.202001021529/tools/bin/../lib/gcc/arm-none-eabi/9.2.1/../../../../arm-none-eabi/lib/thumb/v6-m/nofp\libcr_c.a(errno.o)
 .comment       0x00000079       0x7a c:/nxp/mcuxpressoide_11.2.0_4120/ide/plugins/com.nxp.mcuxpresso.tools.win32_11.2.0.202001021529/tools/bin/../lib/gcc/arm-none-eabi/9.2.1/../../../../arm-none-eabi/lib/thumb/v6-m/nofp\libcr_c.a(fclose.o)
 .comment       0x00000079       0x7a c:/nxp/mcuxpressoide_11.2.0_4120/ide/plugins/com.nxp.mcuxpresso.tools.win32_11.2.0.202001021529/tools/bin/../lib/gcc/arm-none-eabi/9.2.1/../../../../arm-none-eabi/lib/thumb/v6-m/nofp\libcr_c.a(fflush.o)
 .comment       0x00000079       0x7a c:/nxp/mcuxpressoide_11.2.0_4120/ide/plugins/com.nxp.mcuxpresso.tools.win32_11.2.0.202001021529/tools/bin/../lib/gcc/arm-none-eabi/9.2.1/../../../../arm-none-eabi/lib/thumb/v6-m/nofp\libcr_c.a(remove.o)
 .comment       0x00000079       0x7a c:/nxp/mcuxpressoide_11.2.0_4120/ide/plugins/com.nxp.mcuxpresso.tools.win32_11.2.0.202001021529/tools/bin/../lib/gcc/arm-none-eabi/9.2.1/../../../../arm-none-eabi/lib/thumb/v6-m/nofp\libcr_c.a(_cr_check_heap.o)
 .comment       0x00000079       0x7a c:/nxp/mcuxpressoide_11.2.0_4120/ide/plugins/com.nxp.mcuxpresso.tools.win32_11.2.0.202001021529/tools/bin/../lib/gcc/arm-none-eabi/9.2.1/../../../../arm-none-eabi/lib/thumb/v6-m/nofp\libcr_c.a(_do_fflush.o)
 .comment       0x00000079       0x7a c:/nxp/mcuxpressoide_11.2.0_4120/ide/plugins/com.nxp.mcuxpresso.tools.win32_11.2.0.202001021529/tools/bin/../lib/gcc/arm-none-eabi/9.2.1/thumb/v6-m/nofp\libcr_eabihelpers.a(double.o)
 .comment       0x00000079       0x7a c:/nxp/mcuxpressoide_11.2.0_4120/ide/plugins/com.nxp.mcuxpresso.tools.win32_11.2.0.202001021529/tools/bin/../lib/gcc/arm-none-eabi/9.2.1/thumb/v6-m/nofp\libcr_eabihelpers.a(float.o)

.ARM.attributes
                0x00000000       0x2a
 .ARM.attributes
                0x00000000       0x2c ./utilities/fsl_debug_console.o
 .ARM.attributes
                0x0000002c       0x2c ./startup/startup_mkl25z4.o
 .ARM.attributes
                0x00000058       0x2c ./source/Accumulate_Line.o
 .ARM.attributes
                0x00000084       0x2c ./source/adc.o
 .ARM.attributes
                0x000000b0       0x2c ./source/cbfifo.o
 .ARM.attributes
                0x000000dc       0x2c ./source/hexdump.o
 .ARM.attributes
                0x00000108       0x2c ./source/i2c.o
 .ARM.attributes
                0x00000134       0x2c ./source/main.o
 .ARM.attributes
                0x00000160       0x2c ./source/mq7.o
 .ARM.attributes
                0x0000018c       0x32 ./source/mtb.o
 .ARM.attributes
                0x000001be       0x2c ./source/process_command.o
 .ARM.attributes
                0x000001ea       0x2c ./source/pwm.o
 .ARM.attributes
                0x00000216       0x2c ./source/rgb_led.o
 .ARM.attributes
                0x00000242       0x2c ./source/semihost_hardfault.o
 .ARM.attributes
                0x0000026e       0x2c ./source/sht21.o
 .ARM.attributes
                0x0000029a       0x2c ./source/sysclock.o
 .ARM.attributes
                0x000002c6       0x2c ./source/test_cbfifo.o
 .ARM.attributes
                0x000002f2       0x2c ./source/timer.o
 .ARM.attributes
                0x0000031e       0x2c ./source/uart.o
 .ARM.attributes
                0x0000034a       0x2c ./drivers/fsl_clock.o
 .ARM.attributes
                0x00000376       0x2c ./drivers/fsl_lpsci.o
 .ARM.attributes
                0x000003a2       0x2c ./drivers/fsl_uart.o
 .ARM.attributes
                0x000003ce       0x2c ./board/board.o
 .ARM.attributes
                0x000003fa       0x2c ./board/clock_config.o
 .ARM.attributes
                0x00000426       0x2c ./board/peripherals.o
 .ARM.attributes
                0x00000452       0x2c ./board/pin_mux.o
 .ARM.attributes
                0x0000047e       0x2c ./CMSIS/system_MKL25Z4.o
 .ARM.attributes
                0x000004aa       0x31 c:/nxp/mcuxpressoide_11.2.0_4120/ide/plugins/com.nxp.mcuxpresso.tools.win32_11.2.0.202001021529/tools/bin/../lib/gcc/arm-none-eabi/9.2.1/../../../../arm-none-eabi/lib/thumb/v6-m/nofp\libcr_semihost_nf.a(__ciob.o)
 .ARM.attributes
                0x000004db       0x2c c:/nxp/mcuxpressoide_11.2.0_4120/ide/plugins/com.nxp.mcuxpresso.tools.win32_11.2.0.202001021529/tools/bin/../lib/gcc/arm-none-eabi/9.2.1/../../../../arm-none-eabi/lib/thumb/v6-m/nofp\libcr_semihost_nf.a(_cr__main.o)
 .ARM.attributes
                0x00000507       0x2c c:/nxp/mcuxpressoide_11.2.0_4120/ide/plugins/com.nxp.mcuxpresso.tools.win32_11.2.0.202001021529/tools/bin/../lib/gcc/arm-none-eabi/9.2.1/../../../../arm-none-eabi/lib/thumb/v6-m/nofp\libcr_semihost_nf.a(_cr_assert.o)
 .ARM.attributes
                0x00000533       0x1c c:/nxp/mcuxpressoide_11.2.0_4120/ide/plugins/com.nxp.mcuxpresso.tools.win32_11.2.0.202001021529/tools/bin/../lib/gcc/arm-none-eabi/9.2.1/../../../../arm-none-eabi/lib/thumb/v6-m/nofp\libcr_semihost_nf.a(__sys_appexit.o)
 .ARM.attributes
                0x0000054f       0x2c c:/nxp/mcuxpressoide_11.2.0_4120/ide/plugins/com.nxp.mcuxpresso.tools.win32_11.2.0.202001021529/tools/bin/../lib/gcc/arm-none-eabi/9.2.1/../../../../arm-none-eabi/lib/thumb/v6-m/nofp\libcr_c.a(memcpy.o)
 .ARM.attributes
                0x0000057b       0x2c c:/nxp/mcuxpressoide_11.2.0_4120/ide/plugins/com.nxp.mcuxpresso.tools.win32_11.2.0.202001021529/tools/bin/../lib/gcc/arm-none-eabi/9.2.1/../../../../arm-none-eabi/lib/thumb/v6-m/nofp\libcr_c.a(memset.o)
 .ARM.attributes
                0x000005a7       0x2c c:/nxp/mcuxpressoide_11.2.0_4120/ide/plugins/com.nxp.mcuxpresso.tools.win32_11.2.0.202001021529/tools/bin/../lib/gcc/arm-none-eabi/9.2.1/../../../../arm-none-eabi/lib/thumb/v6-m/nofp\libcr_c.a(_deferredlazyseek.o)
 .ARM.attributes
                0x000005d3       0x2c c:/nxp/mcuxpressoide_11.2.0_4120/ide/plugins/com.nxp.mcuxpresso.tools.win32_11.2.0.202001021529/tools/bin/../lib/gcc/arm-none-eabi/9.2.1/../../../../arm-none-eabi/lib/thumb/v6-m/nofp\libcr_c.a(_fflush.o)
 .ARM.attributes
                0x000005ff       0x2c c:/nxp/mcuxpressoide_11.2.0_4120/ide/plugins/com.nxp.mcuxpresso.tools.win32_11.2.0.202001021529/tools/bin/../lib/gcc/arm-none-eabi/9.2.1/../../../../arm-none-eabi/lib/thumb/v6-m/nofp\libcr_c.a(_writebuf.o)
 .ARM.attributes
                0x0000062b       0x2c c:/nxp/mcuxpressoide_11.2.0_4120/ide/plugins/com.nxp.mcuxpresso.tools.win32_11.2.0.202001021529/tools/bin/../lib/gcc/arm-none-eabi/9.2.1/../../../../arm-none-eabi/lib/thumb/v6-m/nofp\libcr_c.a(alloc.o)
 .ARM.attributes
                0x00000657       0x2c c:/nxp/mcuxpressoide_11.2.0_4120/ide/plugins/com.nxp.mcuxpresso.tools.win32_11.2.0.202001021529/tools/bin/../lib/gcc/arm-none-eabi/9.2.1/../../../../arm-none-eabi/lib/thumb/v6-m/nofp\libcr_c.a(fpprintf.o)
 .ARM.attributes
                0x00000683       0x2c c:/nxp/mcuxpressoide_11.2.0_4120/ide/plugins/com.nxp.mcuxpresso.tools.win32_11.2.0.202001021529/tools/bin/../lib/gcc/arm-none-eabi/9.2.1/../../../../arm-none-eabi/lib/thumb/v6-m/nofp\libcr_c.a(fputs.o)
 .ARM.attributes
                0x000006af       0x2c c:/nxp/mcuxpressoide_11.2.0_4120/ide/plugins/com.nxp.mcuxpresso.tools.win32_11.2.0.202001021529/tools/bin/../lib/gcc/arm-none-eabi/9.2.1/../../../../arm-none-eabi/lib/thumb/v6-m/nofp\libcr_c.a(fseek.o)
 .ARM.attributes
                0x000006db       0x2c c:/nxp/mcuxpressoide_11.2.0_4120/ide/plugins/com.nxp.mcuxpresso.tools.win32_11.2.0.202001021529/tools/bin/../lib/gcc/arm-none-eabi/9.2.1/../../../../arm-none-eabi/lib/thumb/v6-m/nofp\libcr_c.a(ftell.o)
 .ARM.attributes
                0x00000707       0x2c c:/nxp/mcuxpressoide_11.2.0_4120/ide/plugins/com.nxp.mcuxpresso.tools.win32_11.2.0.202001021529/tools/bin/../lib/gcc/arm-none-eabi/9.2.1/../../../../arm-none-eabi/lib/thumb/v6-m/nofp\libcr_c.a(initio.o)
 .ARM.attributes
                0x00000733       0x2c c:/nxp/mcuxpressoide_11.2.0_4120/ide/plugins/com.nxp.mcuxpresso.tools.win32_11.2.0.202001021529/tools/bin/../lib/gcc/arm-none-eabi/9.2.1/../../../../arm-none-eabi/lib/thumb/v6-m/nofp\libcr_c.a(printf.o)
 .ARM.attributes
                0x0000075f       0x2c c:/nxp/mcuxpressoide_11.2.0_4120/ide/plugins/com.nxp.mcuxpresso.tools.win32_11.2.0.202001021529/tools/bin/../lib/gcc/arm-none-eabi/9.2.1/../../../../arm-none-eabi/lib/thumb/v6-m/nofp\libcr_c.a(scanf.o)
 .ARM.attributes
                0x0000078b       0x2c c:/nxp/mcuxpressoide_11.2.0_4120/ide/plugins/com.nxp.mcuxpresso.tools.win32_11.2.0.202001021529/tools/bin/../lib/gcc/arm-none-eabi/9.2.1/../../../../arm-none-eabi/lib/thumb/v6-m/nofp\libcr_c.a(setvbuf.o)
 .ARM.attributes
                0x000007b7       0x2c c:/nxp/mcuxpressoide_11.2.0_4120/ide/plugins/com.nxp.mcuxpresso.tools.win32_11.2.0.202001021529/tools/bin/../lib/gcc/arm-none-eabi/9.2.1/../../../../arm-none-eabi/lib/thumb/v6-m/nofp\libcr_c.a(strcasecmp.o)
 .ARM.attributes
                0x000007e3       0x2c c:/nxp/mcuxpressoide_11.2.0_4120/ide/plugins/com.nxp.mcuxpresso.tools.win32_11.2.0.202001021529/tools/bin/../lib/gcc/arm-none-eabi/9.2.1/../../../../arm-none-eabi/lib/thumb/v6-m/nofp\libcr_c.a(strlen.o)
 .ARM.attributes
                0x0000080f       0x2c c:/nxp/mcuxpressoide_11.2.0_4120/ide/plugins/com.nxp.mcuxpresso.tools.win32_11.2.0.202001021529/tools/bin/../lib/gcc/arm-none-eabi/9.2.1/../../../../arm-none-eabi/lib/thumb/v6-m/nofp\libcr_c.a(strncmp.o)
 .ARM.attributes
                0x0000083b       0x2c c:/nxp/mcuxpressoide_11.2.0_4120/ide/plugins/com.nxp.mcuxpresso.tools.win32_11.2.0.202001021529/tools/bin/../lib/gcc/arm-none-eabi/9.2.1/../../../../arm-none-eabi/lib/thumb/v6-m/nofp\libcr_c.a(strstr.o)
 .ARM.attributes
                0x00000867       0x2c c:/nxp/mcuxpressoide_11.2.0_4120/ide/plugins/com.nxp.mcuxpresso.tools.win32_11.2.0.202001021529/tools/bin/../lib/gcc/arm-none-eabi/9.2.1/../../../../arm-none-eabi/lib/thumb/v6-m/nofp\libcr_c.a(ungetc.o)
 .ARM.attributes
                0x00000893       0x2c c:/nxp/mcuxpressoide_11.2.0_4120/ide/plugins/com.nxp.mcuxpresso.tools.win32_11.2.0.202001021529/tools/bin/../lib/gcc/arm-none-eabi/9.2.1/../../../../arm-none-eabi/lib/thumb/v6-m/nofp\libcr_c.a(__fillbuf.o)
 .ARM.attributes